Godot Engine v4.4.stable.official.4c311cbee - https://godotengine.org
OpenGL API 3.3.0 Core Profile Context 24.10.34.240723 - Compatibility - Using Device: ATI Technologies Inc. - AMD Radeon(TM) Graphics

WARNING: Nodes with non-equal opposite anchors will have their size overridden after _ready(). 
If you want to set size, change the anchors or consider using set_deferred().
   at: _set_size (scene/gui/control.cpp:1443)
WARNING: Nodes with non-equal opposite anchors will have their size overridden after _ready(). 
If you want to set size, change the anchors or consider using set_deferred().
   at: _set_size (scene/gui/control.cpp:1443)
WARNING: Nodes with non-equal opposite anchors will have their size overridden after _ready(). 
If you want to set size, change the anchors or consider using set_deferred().
   at: _set_size (scene/gui/control.cpp:1443)
WARNING: Nodes with non-equal opposite anchors will have their size overridden after _ready(). 
If you want to set size, change the anchors or consider using set_deferred().
   at: _set_size (scene/gui/control.cpp:1443)
WARNING: Nodes with non-equal opposite anchors will have their size overridden after _ready(). 
If you want to set size, change the anchors or consider using set_deferred().
   at: _set_size (scene/gui/control.cpp:1443)
WARNING: Nodes with non-equal opposite anchors will have their size overridden after _ready(). 
If you want to set size, change the anchors or consider using set_deferred().
   at: _set_size (scene/gui/control.cpp:1443)
WARNING: Nodes with non-equal opposite anchors will have their size overridden after _ready(). 
If you want to set size, change the anchors or consider using set_deferred().
   at: _set_size (scene/gui/control.cpp:1443)
WARNING: Nodes with non-equal opposite anchors will have their size overridden after _ready(). 
If you want to set size, change the anchors or consider using set_deferred().
   at: _set_size (scene/gui/control.cpp:1443)
WARNING: Nodes with non-equal opposite anchors will have their size overridden after _ready(). 
If you want to set size, change the anchors or consider using set_deferred().
   at: _set_size (scene/gui/control.cpp:1443)
WARNING: Nodes with non-equal opposite anchors will have their size overridden after _ready(). 
If you want to set size, change the anchors or consider using set_deferred().
   at: _set_size (scene/gui/control.cpp:1443)
1.0
1.0
1.0
1.0
1.0
1.0
1.0
1.0
1.0
1.0
1.0
1.0
1.0
1.0
1.0
1.0
1.0
1.0
1.0
1.0
1.0
1.0
1.0
1.0
1.0
1.0
1.0
1.0
1.0
1.0
1.0
1.0
1.0
1.0
1.0
1.0
1.0
1.0
1.0
1.0
1.0
1.0
1.0
1.0
1.0
1.0
1.0
1.0
1.0
1.0
1.0
1.0
1.0
1.0
1.0
1.0
1.0
1.0
1.0
1.0
1.0
1.0
1.0
1.0
1.0
1.0
1.0
1.0
1.0
1.0
1.0
1.0
1.0
1.0
1.0
1.0
1.0
1.0
1.0
1.0
1.0
1.0
1.0
1.0
1.0
1.0
1.0
1.0
1.0
1.0
1.0
1.0
1.0
1.0
1.0
1.0
1.0
1.0
1.0
1.0
1.0
1.0
1.0
1.0
1.0
1.0
1.0
1.0
1.0
1.0
1.0
1.0
1.0
1.0
1.0
1.0
1.0
1.0
1.0
1.0
1.0
1.0
1.0
1.0
1.0
1.0
1.0
1.0
1.0
1.0
1.0
1.0
1.0
1.0
1.0
1.0
1.0
1.0
1.0
1.0
1.0
1.0
1.0
1.0
1.0
1.0
1.0
1.0
1.0
1.0
1.0
1.0
1.0
1.0
1.0
1.0
1.0
1.0
1.0
1.0
1.0
1.0
1.0
1.0
1.0
1.0
1.0
1.0
1.0
1.0
1.0
1.0
1.0
1.0
1.0
1.0
1.0
1.0
1.0
1.0
1.0
1.0
1.0
1.0
1.0
1.0
1.0
1.0
1.0
1.0
1.0
1.0
1.0
1.0
1.0
1.0
1.0
1.0
1.0
1.0
1.0
1.0
1.0
1.0
1.0
1.0
1.0
1.0
1.0
1.0
1.0
1.0
1.0
1.0
1.0
1.0
1.0
1.0
1.0
1.0
1.0
1.0
1.0
1.0
1.0
1.0
1.0
1.0
1.0
1.0
1.0
1.0
1.0
1.0
1.0
1.0
1.0
1.0
1.0
1.0
1.0
1.0
1.0
1.0
1.0
1.0
1.0
1.0
1.0
1.0
1.0
1.0
1.0
1.0
1.0
1.0
1.0
1.0
1.0
1.0
1.0
1.0
1.0
1.0
1.0
1.0
1.0
1.0
1.0
1.0
1.0
1.0
1.0
1.0
1.0
1.0
1.0
1.0
1.0
1.0
1.0
1.0
1.0
1.0
1.0
1.0
1.0
1.0
1.0
1.0
1.0
1.0
1.0
1.00000037299994
1.00000297335638
1.00001054046637
1.00002596606124
1.00005185217794
1.00009027353862
1.00014267893749
1.00020988307888
1.00029211372533
1.00038908928264
1.00050010986144
1.00062415049603
1.00075994934334
1.00090608741609
1.00106105699887
1.00122331916232
1.00139134967328
1.00156367497543
1.00173889931572
1.00191572342898
1.0020929569424
1.00226952509843
1.00244447212122
1.0026169594292
1.00278626302385
1.00295176717876
1.00311295873076
1.00326941938838
1.00342081800439
1.00356690124174
1.00370748661633
1.00384245550239
1.00397174275713
1.00409533340171
1.00421325189887
1.00432555929194
1.00443234699436
1.00453373158158
1.00462984785615
1.00472084954998
1.00480690189159
1.00488817898815
1.00496486338853
1.00503714009105
1.00510519845359
1.00525039401887
1.00546138441813
1.00572892951568
1.0060452084988
1.00640336563298
1.00679722587619
1.00722112002123
1.00766978659968
1.00813832201734
1.0086221630034
1.00911707804514
1.00961916881483
1.01012487573259
1.0106309741952
1.01113457807591
1.01163313015954
1.01212439230564
1.01260643148908
1.01307760466566
1.01353653815866
1.01398211026048
1.01441342956709
1.01482981453551
1.01523076910179
1.01561596605156
1.01598522655321
1.01633850096588
1.01667585797941
1.01699745325915
1.01730353310748
1.01759440507522
1.01787044117649
1.01813205114361
1.0183796890115
1.01861382958056
1.01883497192248
1.01904362614367
1.01924031049686
1.01942554528304
1.0195998503961
1.01976374309614
1.01991772899289
1.02006230714161
1.02019796136881
1.02032516223542
1.02044436567421
1.02055601176587
1.02066052364105
1.02075831005131
1.02084976095816
1.02093524674296
1.0210151210735
1.02108972387626
1.02115937365922
1.02122437776107
1.02128502478613
1.0213415878115
1.02139432406284
1.02144347822402
1.02148927859452
1.02153194406785
1.02157168034781
1.02160867616971
1.02164311397005
1.02167516254926
1.0217049805665
1.02173272005907
1.02175851912931
1.02178250909845
1.02180481444657
1.02182554551545
1.02184481294091
1.02186271675099
1.0218793535734
1.02189480572964
1.02190915933138
1.02192248975725
1.02193486888266
1.0219463614342
1.02195702860166
1.0221158210231
1.02239775341418
1.02278169100401
1.02324956699928
1.02378580902
1.02437690638132
1.02501108099018
1.02567803658266
1.02636877196871
1.02707541862547
1.02779112854111
1.02850996044083
1.02922678791432
1.02993722831559
1.03063755576034
1.03132465048131
1.03199592881468
1.03264928251289
1.03328304113652
1.03389590450868
1.03448691243719
1.03505539853887
1.03560094949445
1.03612337044768
1.036622665786
1.03709899282625
1.03755264436378
1.03798403060422
1.03839365623578
1.03878209704271
1.03914998494967
1.03949800614027
1.03982687282033
1.04013732126289
1.04043010558131
1.04070598272815
1.04096571083118
1.04121003878492
1.04143971373092
1.0416554575171
1.04185798331592
1.04204798119183
1.04222612159234
1.04239305000738
1.0425493906664
1.042695741364
1.04283267283059
1.04296073266959
1.04308044487522
1.04319230940273
1.04329680178578
1.04339436828786
1.04348543912064
1.04357041466055
1.04364967874433
1.04372359396085
1.04379249695313
1.04385671181143
1.04391654090535
1.04397227380426
1.04402417360655
1.0440724949363
1.04411747482032
1.04415933261511
1.04419827899977
1.04423450686926
1.0442682003441
1.04429953473337
1.04432866743818
1.04435574698052
1.04438091751121
1.04440430518947
1.04442603629408
1.04444622360726
1.04446497546677
1.04448239121895
1.04449856574242
1.04451358490287
1.04452752554343
1.0445404690872
1.04455248338528
1.04456363178349
1.04457397765562
1.04458357986249
1.04459248821006
1.04460075252192
1.04460841809893
1.04461553025547
1.04462212524011
1.04462824385015
1.04463391781361
1.04482520309416
1.04517005589015
1.04564093668271
1.04621410519483
1.04686906428648
1.04758809544196
1.04835588202449
1.0491592253545
1.04998675113373
1.05082871904139
1.05167680578592
1.05252395130263
1.05336422019594
1.05419264922986
1.05500515592689
1.05579841447543
1.05656977472979
1.05731715869916
1.05803900147186
1.05873418026377
1.05940195099624
1.06004188329069
1.06065384215607
1.06123790180929
1.06179434507896
1.06232360491343
1.06282625360541
1.06330297269765
1.06375450354114
1.06418167486787
1.06458535342267
1.06496643315245
1.06532583414551
1.0656644920402
1.06598332822479
1.06628326837547
1.06656522249827
1.06683008435337
1.06727654183471
1.06787094494626
1.06858413312841
1.06939089149962
1.07026946395089
1.07120112709773
1.07216982930115
1.07316189034481
1.0741656813534
1.07517141827561
1.076170923001
1.07715743873545
1.0781254226915
1.07907042245952
1.07998891143961
1.08087818969833
1.08173623568088
1.08256162435743
1.08335344496792
1.08411121881099
1.08483480797248
1.08552438156868
1.08618036344831
1.08680335233793
1.08739413705047
1.08795360857975
1.08848275770018
1.08898265416054
1.08945440770871
1.08989916700985
1.09031809090172
1.09071234796369
1.09108310698103
1.09143149987803
1.09175865898943
1.09206568028284
1.09235363301934
1.09262354176851
1.09287640534883
1.09311318810076
1.09333480205511
1.09354212585679
1.09373600524945
1.09391723525236
1.09408657896471
1.09424475885459
1.09439245719103
1.0945303255645
1.09465897611775
1.09477899099995
1.09489091355809
1.09499526682433
1.09509253555472
1.09518317556554
1.09526761393776
1.09534626736178
1.09541950596656
1.09548769887208
1.09555116893169
1.09561023822219
1.09566520092227
1.09571633247779
1.09576388968215
1.0958081198053
1.09584924253833
1.09588747722068
1.09592301571992
1.0959560405867
1.09617194343402
1.09653789337346
1.09702512302684
1.09760858599311
1.09826660539344
1.09898051730282
1.09973437630213
1.10051464252137
1.1013099011844
1.10211060105942
1.10290883220885
1.10369811866522
1.10447321927568
1.10522996381006
1.10596509910619
1.10667616283913
1.10736135141861
1.10801943267691
1.10864964445944
1.10925160467765
1.10982526508858
1.11037083456429
1.11088874542807
1.11137958143678
1.11184407202186
1.11228303979735
1.11269738153146
1.11308805006541
1.11345602156422
1.11380230266128
1.11412789144045
1.11443378565551
1.1147209756036
1.1149904220736
1.11524307278386
1.11547984072305
1.11570160556142
1.11590921501966
1.11610348618941
1.11628519186631
1.11645508429664
1.1166138664957
1.11676220840774
1.11690075536783
1.11703010687507
1.11715083976393
1.11726349427134
1.11736858222294
1.11746658774398
1.1175579605917
1.1176431314169
1.11772249765281
1.1177964459197
1.1178653305356
1.11792948123537
1.11798921079738
1.11804481533301
1.11809656729566
1.11814473024172
1.11818954452904
1.11823123477126
1.11827001000635
1.11830607107479
1.11833959628683
1.11837077044162
1.11839974880056
1.11842667885909
1.11845170762503
1.11847496004705
1.11849656791406
1.11851663387223
1.11853527469921
1.1185525853246
1.11856866047088
1.11858358748108
1.11859744634646
1.11861030973086
1.11862225018014
1.11863333294741
1.11864362319578
1.11865317163941
1.11866202892903
1.11867024565823
1.1186778723692
1.11868494519796
1.11869150742531
1.11869759511938
1.11870323714283
1.11870846951326
1.11871332104928
1.11871782055175
1.11872198963018
1.11872585705676
1.11872944441631
1.1187327661098
1.11873584370474
1.11873869876064
1.11874134565693
1.11874379876798
1.11874607246364
1.11874818110965
1.11875013189624
1.11875188898131
1.11875346672575
1.11875488665832
1.11875617030423
1.11875732484368
1.11875836462623
1.11875929682891
1.11876013579825
1.11876088870891
1.11876156990521
1.11876217938971
1.11876273150533
1.11876322625373
1.11876367080659
1.11876407233522
1.11876443084052
1.11876475349337
1.11876504746436
1.11876531275396
1.11876554936255
1.11876576446042
1.1187659580478
1.11876613012492
1.11876628786182
1.11876643125863
1.11876656031544
1.11876667503237
1.11876677540948
1.11876686861665
1.1187669546539
1.1187670263515
1.11876709087927
1.11876714823723
1.11876720559512
1.11876725578324
1.11876729880158
1.1187673418199
1.11876737766847
1.11876740634731
1.11876743502613
1.11876746370494
1.11876748521404
1.11876750672313
1.11876752823221
1.1187675425716
1.11876755691098
1.11876757125036
1.11876758558973
1.1187675999291
1.11876760709878
1.11876761426846
1.11876762143815
1.11876762860783
1.11876763577751
1.11876764294718
1.11876765011686
1.11876765728654
1.11876766445622
1.11876767162589
1.11876767162589
1.11876767162589
1.11876767162589
1.11876767162589
1.11876767162589
1.11876767162589
1.11876767162589
1.11876767162589
1.11876767162589
1.11876767162589
1.11876767162589
1.11876767162589
1.11876767162589
1.11876767162589
1.11876767162589
1.11876767162589
1.11876767162589
1.11876767162589
1.11876767162589
1.11876767162589
1.11876767162589
1.11876767162589
1.11876767162589
1.11876767162589
1.11876767162589
1.11876767162589
1.11876767162589
1.11876767162589
1.11876767162589
1.11876767162589
1.11876767162589
1.11876767162589
1.11876767162589
1.11876767162589
1.11876767162589
1.11876767162589
1.11876767162589
1.11876767162589
1.11876767162589
1.11876767162589
1.11876767162589
1.11876767162589
1.11876767162589
1.11876767162589
1.11876767162589
1.11876767162589
1.11876767162589
1.11876767162589
1.11876767162589
1.11876767162589
1.11876767162589
1.11876767162589
1.11876767162589
1.11876767162589
1.11876767162589
1.11876767162589
1.11876767162589
1.11876767162589
1.11876767162589
1.11876767162589
1.11876767162589
1.11876767162589
1.11876767162589
1.11876767162589
1.11876767162589
1.11876767162589
1.11876767162589
1.11876767162589
1.11876767162589
1.11876767162589
1.11876767162589
1.11876767162589
1.11876767162589
1.11876767162589
1.11876767162589
1.1189143166497
1.11918096127341
1.11954388509661
1.11998223313383
1.1204779034495
1.12101533451618
1.12158128691679
1.12216461875954
1.1227560490319
1.12334795276989
1.12393413487636
1.12450964772351
1.12507063427324
1.12561413618553
1.1261379705164
1.12664059872397
1.12724126769979
1.12791209098261
1.12862907636371
1.12937196581279
1.13012395995922
1.13087136488134
1.13160328726517
1.13231127005917
1.1329889875853
1.13363191956684
1.13423706270775
1.13480268082442
1.13532807703792
1.13588653725268
1.13645397701022
1.13701054623651
1.13754038235737
1.13803130315765
1.13847441445345
1.13886367743909
1.13919552376543
1.13946843643447
1.13968258654097
1.13983948647076
1.13994169274341
1.139992534742
1.13999070655568
1.13990171173563
1.13972896988177
1.13944328571123
1.13903047782896
1.13848331319749
1.13780079226413
1.13698712918173
1.13605062792066
1.13500260194662
1.13385638498316
1.13262644065104
1.13132769597274
1.12997492991352
1.12858238809292
1.12716347094337
1.12573046919325
1.12429454318854
1.12286557558714
1.12145219466472
1.12006183868681
1.11870075926808
1.11737415810323
1.11608619759512
1.11484017916072
1.11363857917648
1.11248318035324
1.11112870339025
1.1096086791987
1.10795321913939
1.10618960377735
1.10434266320649
1.1024349723916
1.10048694942579
1.09851686936734
1.09654103040628
1.09457371158546
1.092627322775
1.09071244926802
1.08883803033657
1.08701144391356
1.08523859816505
1.08352416649524
1.08187161870184
1.08028344012785
1.07876119189528
1.07730569473537
1.0759170742355
1.07459492497731
1.07333838943196
1.07214617863682
1.07101673765144
1.06994826431452
1.0689387553712
1.0679860799393
1.0670879928721
1.06624220455537
1.06544641981517
1.06469831707718
1.06399558435624
1.06333595393976
1.06271717791583
1.06213711880725
1.06159363642196
1.06108473489837
1.06060844844921
1.06016290046467
1.05974627542746
1.05935687716
1.05899307135037
1.05865331451992
1.05833609642409
1.05804005507404
1.05776383264986
1.0575062190449
1.0572660078759
1.05704208242563
1.05683338661066
1.05663895334562
1.05645784690811
1.05628919135437
1.05613214163152
1.0559859691905
1.05584991865906
1.05572332210939
1.05560554164017
1.0554959977908
1.05539411223898
1.05529936481346
1.05521129333508
1.05512943639821
1.05505333330594
1.05498260958647
1.05491691981107
1.05485589049166
1.05479917708633
1.05474652094976
1.05469760672238
1.05465220483768
1.05461002896254
1.05457087847076
1.05453455290617
1.05450082348082
1.05446951852437
1.05444046648148
1.05441352437974
1.05438852085516
1.05436531310353
1.05434378686226
1.05432382792357
1.05430532212932
1.05428815536598
1.05427224202697
1.05425746807087
1.05424377641752
1.05423108154356
1.0542193264103
1.05420842553397
1.05419832190943
1.05418895854447
1.05418027845847
1.05417222468122
1.05416476870939
1.05415785358852
1.05415145082823
1.05414550348684
1.05414001153973
1.05413491805412
1.05413019455693
1.05412581257804
1.05412177210381
1.05411813002875
1.05411485788637
1.05411189875958
1.05410925263994
1.05410686261472
1.05410470022595
1.05410276546911
1.05410102988813
1.05409946502789
1.05409804243416
1.05409676210507
1.05409562403896
1.05409459978284
1.0540936608842
1.05409283579368
1.05409209605912
1.05409141322869
1.05409081575323
1.05409027518114
1.05408979151213
1.05408933629489
1.05408893798032
1.05408856811722
1.05408825515647
1.05408797064695
1.05408771458859
1.05408748698134
1.05408728782511
1.05408708866901
1.05408691796388
1.05408677570967
1.05408663345552
1.05408651965225
1.05408640584901
1.05408629204582
1.05408620669345
1.0540861213411
1.05408603598878
1.05408597908724
1.05408592218571
1.05408586528419
1.05408580838268
1.05408575148118
1.05408572303044
1.0540856945797
1.05408566612895
1.05408563767822
1.05408560922748
1.05408558077675
1.05408555232602
1.05408552387529
1.05408549542456
1.05408546697384
1.05408546697384
1.05408546697384
1.05408546697384
1.05408546697384
1.05408546697384
1.05408546697384
1.05408546697384
1.05408546697384
1.05408546697384
1.05408546697384
1.05408546697384
1.05408546697384
1.05408546697384
1.05408546697384
1.05408546697384
1.05408546697384
1.05408546697384
1.05408546697384
1.05408546697384
1.05408546697384
1.05408546697384
1.05408546697384
1.05408546697384
1.05408546697384
1.05408546697384
1.05408546697384
1.05408546697384
1.05408546697384
1.05408546697384
1.05408546697384
1.05408546697384
1.05408546697384
1.05408546697384
1.05408546697384
1.05408546697384
1.05408546697384
1.05408546697384
1.05408546697384
1.05408546697384
1.05408546697384
1.05408546697384
1.05408546697384
1.05408546697384
1.05408546697384
1.05408546697384
1.05408546697384
1.05408546697384
1.05408546697384
1.05408546697384
1.05408546697384
1.05408546697384
1.05408546697384
1.05408546697384
1.05408546697384
1.05408546697384
1.05408546697384
1.05408546697384
1.05408546697384
1.05408546697384
1.05408546697384
1.05408546697384
1.05408546697384
1.05408546697384
1.05408546697384
1.05408546697384
1.05408546697384
1.05408546697384
1.05408546697384
1.05408546697384
1.05408546697384
1.05408546697384
1.05408546697384
1.05408546697384
1.05408546697384
1.05408546697384
1.05408546697384
1.05408546697384
1.05408546697384
1.05408546697384
1.05408546697384
1.05408546697384
1.05408546697384
1.05408546697384
1.05408546697384
1.05408546697384
1.05408546697384
1.05408546697384
1.05408546697384
1.05408546697384
1.05379426183097
1.05326349566458
1.05253843567265
1.05165858373857
1.05065819486911
1.04956686869512
1.04841000015756
1.0472092508607
1.04598300731733
1.04474668518956
1.0435131272434
1.04229289842445
1.04109453301548
1.03992486622431
1.03878923157959
1.03769168550047
1.03663517732404
1.03562169150971
1.03465248961256
1.03372814092754
1.03284867927115
1.03201372843314
1.0312225479597
1.03047412588328
1.02976724250852
1.02910048247653
1.02847234158859
1.02788125684802
1.02732558729815
1.02680366547811
1.02631384619868
1.02585450654569
1.02542402241455
1.02502083722603
1.02464343675715
1.02429034730447
1.02396015630754
1.02365150976862
1.02336313208133
1.02309377848204
1.02284227750902
1.02260752822952
1.02216324864812
1.02155220269641
1.02081234783359
1.0199768955486
1.0190744865502
1.0181294464012
1.01716221176193
1.01618964123188
1.01522547255506
1.01428064579758
1.01336364487742
1.01248091381454
1.01163710163015
1.01083530750337
1.01007746372722
1.00936441737008
1.00869623143803
1.0080722772998
1.00749146662476
1.00695226256871
1.00645290933219
1.00599142265385
1.00556573510282
1.00517367510622
1.00481309077515
1.0044818630202
1.00406796532251
1.00360195646796
1.0031105739732
1.00261654875796
1.0021385270514
1.00169129556267
1.00128607471911
1.00093091063372
1.00063108443009
1.00038948404353
1.00020701976199
1.00008298732847
1.00001540638348
1.0
1.0
1.0
1.0
1.0
1.0
1.0
1.0
1.0
1.0
1.0
1.0
1.0
1.0
1.0
1.0
1.0
1.0
1.0
1.0
1.0
1.0
1.0
1.0
1.0
1.0
1.0
1.0
1.0
1.0
1.0
1.0
1.0
1.0
1.0
1.0
1.0
1.0
1.0
1.0
1.0
1.0
1.0
1.0
1.0
1.0
1.0
1.0
1.0
1.0
1.0
1.0
1.0
1.0
1.0
1.0
1.0
1.0
1.0
1.0
1.0
1.0
1.0
1.0
1.0
1.0
1.0
1.0
1.0
1.0
1.0
1.0
1.0
1.0
1.0
1.0
1.0
1.0
1.0
1.0
1.0
1.0
1.0
1.0
1.0
1.0
1.0
1.0
1.0
1.0
1.0
1.0
1.0
1.0
1.0
1.0
1.0
1.0
1.0
1.0
1.0
1.0
1.0
1.0
1.0
1.0
1.0
1.0
1.0
1.0
1.0
1.0
1.0
1.0
1.0
1.0
1.0
1.0
1.0
1.0
1.0
1.0
1.0
1.0
1.0
1.0
1.0
1.0
1.0
1.0
1.0
1.0
1.0
1.0
1.0
1.0
1.0
1.0
1.0
1.0
1.0
1.0
1.0
1.0
1.0
1.0
1.0
1.0
1.0
1.0
1.0
1.0
1.0
1.0
1.0
1.0
1.0
1.0
1.0
1.0
1.0
1.0
1.0
1.0
1.0
1.0
1.0
1.0
1.0
1.0
1.0
1.0
1.0
1.0
1.0
1.0
1.0
1.0
1.0
1.0
1.0
1.0
1.0
1.0
1.0
1.0
1.0
1.0
1.0
1.0
1.0
1.0
1.0
1.0
1.0
1.0
1.0
1.0
1.0
1.0
1.0
1.0
1.0
1.0
1.0
1.0
1.0
1.0
1.0
1.0
1.0
1.0
1.0
1.0
1.0
1.0
1.0
1.0
1.0
1.0
1.0
1.0
1.0
1.0
1.0
1.0
1.0
1.0
1.0
1.0
1.0
1.0
1.0
1.0
1.0
1.0
1.0
1.0
1.0
1.0
1.0
1.0
1.0
1.0
1.0
1.0
1.0
1.0
1.0
1.0
1.0
1.0
1.0
1.0
1.0
1.0
1.0
1.0
1.0
1.0
1.0
1.0
1.0
1.0
1.0
1.0
1.0
1.0
1.0
1.0
1.0
1.0
1.0
1.0
1.0
1.0
1.0
1.0
1.0
1.0
1.0
1.0
1.0
1.0
1.0
1.0
1.0
1.0
1.0
1.0
1.0
1.0
1.0
1.0
1.0
1.0
1.0
1.0
1.0
1.0
1.0
1.0
1.0
1.0
1.0
1.0
1.0
1.0
1.0
1.0
1.0
1.0
1.0
1.0
1.0
1.0
1.0
1.0
1.0
1.0
1.0
1.0
1.0
1.0
1.0
1.0
1.0
1.0
1.0
1.0
1.0
1.0
1.0
1.0
1.0
1.0
1.0
1.0
1.0
1.0
1.0
1.0
1.0
1.0
1.0
1.0
1.0
1.0
1.0
1.0
1.0
1.0
1.0
1.0
1.0
1.0
1.0
1.0
1.0
1.0
1.0
1.0
1.0
1.0
1.0
1.0
1.0
1.0
1.0
1.0
1.0
1.0
1.0
1.0
1.0
1.0
1.0
1.0
1.0
1.0
1.0
1.0
1.0
1.0
1.0
1.0
1.0
1.0
1.0
1.0
1.0
1.0
1.0
1.0
1.0
1.0
1.0
1.0
1.0
1.0
1.0
1.0
1.0
1.0
1.0
1.0
1.0
1.0
1.0
1.0
1.0
1.0
1.0
1.0
1.0
1.0
1.0
1.0
1.0
1.0
1.0
1.0
1.0
1.0
1.0
1.0
1.0
1.0
1.0
1.0
1.0
1.0
1.0
1.0
1.0
1.0
1.0
1.0
1.0
1.0
1.0
1.0
1.0
1.0
1.0
1.0
1.0
1.0
1.0
1.0
1.0
1.0
1.0
1.0
1.0
1.0
1.0
1.0
1.0
1.0
1.0
1.0
1.0
1.0
1.0
1.0
1.0
1.0
1.0
1.0
1.0
1.0
1.0
1.0
1.0
1.0
1.0
1.0
1.0
1.0
1.0
1.0
1.0
1.0
1.0
1.0
1.0
1.0
1.0
1.0
1.0
1.0
1.0
1.0
1.0
1.0
1.0
1.0
1.0
1.0
1.0
1.0
1.0
1.0
1.0
1.0
1.0
1.0
1.0
1.0
1.0
1.0
1.0
1.0
1.0
1.0
1.0
1.0
1.0
1.0
1.0
1.0
1.0
1.0
1.0
1.0
1.0
1.0
1.0
1.0
1.0
1.0
1.0
1.0
1.0
1.0
1.0
1.0
1.0
1.0
1.0
1.0
1.0
1.0
1.0
1.0
1.0
1.0
1.0
1.0
1.0
1.0
1.0
1.0
1.0
1.0
1.0
1.0
1.0
1.0
1.0
1.0
1.0
1.0
1.0
1.0
1.0
1.0
1.0
1.0
1.0
1.0
1.0
1.0
1.0
1.0
1.0
1.0
1.0
1.0
1.0
1.0
1.0
1.0
1.0
1.0
1.0
1.0
1.0
1.0
1.0
1.0
1.0
1.0
1.0
1.0
1.0
1.0
1.0
1.0
1.0
1.0
1.0
1.0
1.0
1.0
1.0
1.0
1.0
1.0
1.0
1.0
1.0
1.0
1.0
1.0
1.0
1.0
1.0
1.0
1.0
1.0
1.0
1.0
1.0
1.0
1.0
1.0
1.0
1.0
1.0
1.0
1.0
1.0
1.0
1.0
1.0
1.0
1.0
1.0
1.0
1.0
1.0
1.0
1.0
1.0
1.0
1.0
1.0
1.0
1.0
1.0
1.0
1.0
1.0
1.0
1.0
1.0
1.0
1.0
1.0
1.0
1.0
1.0
1.0
1.0
1.0
1.0
1.0
1.0
1.0
1.0
1.0
1.0
1.0
1.0
1.0
1.0
1.0
1.0
1.0
1.0
1.0
1.0
1.0
1.0
1.0
1.0
1.0
1.0
1.0
1.0
1.0
1.0
1.0
1.0
1.0
1.0
1.0
1.0
1.0
1.0
1.0
1.0
1.0
1.0
1.0
1.0
1.0
1.0
1.0
1.0
1.0
1.0
1.0
1.0
1.0
1.0
1.0
1.0
1.0
1.0
1.0
1.0
1.0
1.0
1.0
1.0
1.0
1.0
1.0
1.0
1.0
1.0
1.0
1.0
1.0
1.0
1.0
1.0
1.0
1.0
1.0
1.0
1.0
1.0
1.0
1.0
1.0
1.0
1.0
1.0
1.0
1.0
1.0
1.0
1.0
1.0
1.0
1.0
1.0
1.0
1.0
1.0
1.0
1.0
1.0
1.0
1.0
1.0
1.0
1.0
1.0
1.0
1.0
1.0
1.0
1.0
1.0
1.0
1.0
1.0
1.0
1.0
1.0
1.0
1.0
1.0
1.0
1.0
1.0
1.0
1.0
1.0
1.0
1.0
1.0
1.0
1.0
1.0
1.0
1.0
1.0
1.0
1.0
1.0
1.0
1.0
1.0
1.0
1.0
1.0
1.0
1.0
1.0
1.0
1.0
1.0
1.0
1.0
1.0
1.0
1.0
1.0
1.0
1.0
1.0
1.0
1.0
1.0
1.0
1.0
1.0
1.0
1.0
1.0
1.0
1.0
1.0
1.0
1.0
1.0
1.0
1.0
1.0
1.0
1.0
1.0
1.0
1.0
1.0
1.0
1.0
1.0
1.0
1.0
1.0
1.0
1.0
1.0
1.0
1.0
1.0
1.0
1.0
1.0
1.0
1.0
1.0
1.0
1.0
1.0
1.0
1.0
1.0
1.0
1.0
1.0
1.0
1.0
1.0
1.0
1.0
1.0
1.0
1.0
1.0
1.0
1.0
1.0
1.0
1.0
1.0
1.0
1.0
1.0
1.0
1.0
1.0
1.0
1.0
1.0
1.0
1.0
1.0
1.0
1.0
1.0
1.0
1.0
1.0
1.0
1.0
1.0
1.0
1.0
1.0
1.0
1.0
1.0
1.0
1.0
1.0
1.0
1.0
1.0
1.0
1.0
1.0
1.0
1.0
1.0
1.0
1.0
1.0
1.0
1.0
1.0
1.0
1.0
1.0
1.0
1.0
1.0
1.0
1.0
1.0
1.0
1.0
1.0
1.0
1.0
1.0
1.0
1.0
1.0
1.0
1.0
1.0
1.0
1.0
1.0
1.0
1.0
1.0
1.0
1.0
1.0
1.0
1.0
1.0
1.0
1.0
1.0
1.0
1.0
1.0
1.0
1.0
1.0
1.0
1.0
1.0
1.0
1.0
1.0
1.0
1.0
1.0
1.0
1.0
1.0
1.0
1.0
1.0
1.0
1.0
1.0
1.0
1.0
1.0
1.0
1.0
1.0
1.0
1.0
1.0
1.0
1.0
1.0
1.0
1.0
1.0
1.0
1.0
1.0
1.0
1.0
1.0
1.0
1.0
1.0
1.0
1.0
1.0
1.0
1.0
1.0
1.0
1.0
1.0
1.0
1.0
1.0
1.0
1.0
1.0
1.0
1.0
1.0
1.0
1.0
1.0
1.0
1.0
1.0
1.0
1.0
1.0
1.0
1.0
1.0
1.0
1.0
1.0
1.0
1.0
1.0
1.0
1.0
1.0
1.0
1.0
1.0
1.0
1.0
1.0
1.0
1.0
1.0
1.0
1.0
1.0
1.0
1.0
1.0
1.0
1.0
1.0
1.0
1.0
1.0
1.0
1.0
1.0
1.0
1.0
1.0
1.0
1.0
1.0
1.0
1.0
1.0
1.0
1.0
1.0
1.0
1.0
1.0
1.0
1.0
1.0
1.0
1.0
1.0
1.0
1.0
1.0
1.0
1.0
1.0
1.0
1.0
1.0
1.0
1.0
1.0
1.0
1.0
1.0
1.0
1.0
1.0
1.0
1.0
1.0
1.0
1.0
1.0
1.0
1.0
1.0
1.0
1.0
1.0
1.0
1.0
1.0
1.0
1.0
1.0
1.0
1.0
1.0
1.0
1.0
1.0
1.00000004003743
1.00008655159641
1.0003522306458
1.00080855639916
1.00145724945958
1.00229218330236
1.00330127721877
1.00446824433019
1.00577406034115
1.00719827773454
1.00872000729494
1.01031874036685
1.01197486801431
1.01367013456361
1.0153878265161
1.01711299886865
1.01883242746705
1.02053468339704
1.02221000650883
1.0238502059603
1.02544859455689
1.02699978737085
1.02849961802938
1.02994495366506
1.03133362321096
1.03266422414868
1.03393607670576
1.03514908342325
1.03630364170356
1.03766828616281
1.0392044616251
1.04087811026115
1.04265892335527
1.04451985027783
1.04643687189888
1.04838863076107
1.05035637472766
1.05232373011416
1.05427654054611
1.05620277313551
1.05809226665287
1.05993669658207
1.06172927717454
1.06346466476092
1.06513884010459
1.06674891582796
1.06829293094372
1.06976984063663
1.07117926778653
1.07252148424366
1.07379724517215
1.07500776890481
1.07615457211981
1.07723945199664
1.07826438297213
1.07923153145007
1.0801431564545
1.081001570338
1.08180915884106
1.0825682587158
1.08328120976134
1.08395035015698
1.08457795563879
1.08516623711225
1.08571731048216
1.08623328101022
1.08671612867754
1.08716779333586
1.08759006130671
1.08798470749238
1.08835341071038
1.08869772621797
1.08901917111886
1.08931914048355
1.08959899262177
1.08986002156055
1.09010340167515
1.09033027266442
1.09054171208563
1.09073870802035
1.09092221566149
1.091093101918
1.09125222974174
1.09140034688375
1.09153819799269
1.09166649700462
1.09178584393698
1.09189686450443
1.09200012679357
1.09209614155893
1.09218541806526
1.09226840866081
1.09234553676779
1.09241722479227
1.09248383871403
1.09254574374042
1.09260324890526
1.09265666266378
1.0927062652232
1.09275233634027
1.09279509994092
1.09283480733207
1.09287168180446
1.09290589098926
1.0929376576995
1.09296712146267
1.09299447702746
1.09301986361351
1.09304342031915
1.09306525845637
1.09308551692352
1.09310430685791
1.09312173932627
1.09313789766457
1.09315289282524
1.09316680804566
1.09317969886237
1.09319164844345
1.09320273992498
1.09321300109961
1.09322251505714
1.09323133720881
1.0932395229495
1.09324710000638
1.09325412374932
1.09326064953616
1.09326667741326
1.0932722627228
1.09327743314909
1.0932822440195
1.09328669535875
1.09329081483694
1.09329463012035
1.09329805828677
1.09330115464693
1.09330394686105
1.09330646258643
1.09330872947793
1.09331074754361
1.09331257207939
1.09331420309035
1.09331566822495
1.09331699513045
1.09331818380948
1.09331926190788
1.09332022942736
1.09332111401268
1.09332188802177
1.09332260674193
1.09332324253078
1.09332382303196
1.09332434824593
1.09332481817309
1.09332523281383
1.09332561981112
1.0933259515225
1.09332625559081
1.09332653201616
1.09332678079867
1.09332700193842
1.09332719543552
1.09332738893243
1.09332755478679
1.09332769299865
1.09332783121042
1.09332794177978
1.09332805234907
1.093328135276
1.0933282182029
1.09332830112977
1.0933283840566
1.09332843934114
1.09332849462566
1.09332854991017
1.09332860519466
1.0933286328369
1.09332866047914
1.09332868812137
1.0933287157636
1.09332874340583
1.09332877104805
1.09332879869027
1.09332882633249
1.0933288539747
1.09332888161691
1.09332890925911
1.09332890925911
1.09332890925911
1.09332890925911
1.09332890925911
1.09332890925911
1.09332890925911
1.09332890925911
1.09332890925911
1.09332890925911
1.09332890925911
1.09332890925911
1.09332890925911
1.09332890925911
1.09332890925911
1.09332890925911
1.09332890925911
1.09332890925911
1.09332890925911
1.09332890925911
1.09332890925911
1.09332890925911
1.09332890925911
1.09332890925911
1.09332890925911
1.09332890925911
1.09332890925911
1.09332890925911
1.09361177306834
1.09412699616261
1.09483010946206
1.09568221133442
1.09664954042567
1.09770294361554
1.09881745731829
1.09997185370759
1.10114819065797
1.1023315044654
1.10350940995967
1.10467179882675
1.10607074997225
1.10764526108954
1.10934234914349
1.11111658121072
1.11292944024106
1.11474871466879
1.11654799699191
1.11830598205262
1.12000595517567
1.12163524511287
1.12318464256187
1.12464794168059
1.12602144501621
1.12748350844965
1.128979288638
1.13046285242906
1.13189666459494
1.13325100687006
1.1345032442916
1.13563709183215
1.13664181773682
1.13751144506343
1.13824403152203
1.13884095467742
1.13930624595298
1.1396460172304
1.13986792777864
1.13998072610814
1.13999493316375
1.13994058113032
1.13982177357739
1.13963540139632
1.13938132121212
1.1390617787936
1.13868084501452
1.13824390500262
1.13775721189313
1.13722751270948
1.13666173790728
1.13606675800129
1.13544920896865
1.1348153581948
1.13417101250083
1.1335214688517
1.13287148433948
1.13222526472161
1.13158646510204
1.13095824779567
1.13034326740169
1.12963402198168
1.12884289540008
1.12798149323849
1.12706085939859
1.12609153989285
1.12508356848873
1.12404644820414
1.12298905153193
1.12191958681491
1.12084559282125
1.11977384404525
1.11871040012955
1.11766058088384
1.11662899835398
1.11561957930349
1.11463560944767
1.11367978903736
1.11275426505645
1.11186068206534
1.11100024254084
1.11017375076201
1.1093816698638
1.10862414218025
1.10790105255885
1.10721206953933
1.10655666255588
1.10593415278778
1.10534372251491
1.10478446635621
1.1042553831042
1.10375541783627
1.103283478253
1.10283843311582
1.10241914449524
1.10202446503012
1.1016532605703
1.10130439752131
1.10097677324466
1.10066931119488
1.10038094668296
1.10011065617059
1.099857451172
1.09962038944865
1.09939854168302
1.09919103749841
1.09899704053351
1.09881574980784
1.09864640092895
1.09848826715851
1.09834066035321
1.09820293179404
1.09807446397751
1.09795467122556
1.09784300022448
1.09773893050075
1.0976419658779
1.09755165275648
1.09746755354896
1.09738926487511
1.09731639087798
1.09724857932777
1.09718549488118
1.09712681023533
1.09707223321934
1.09702148894539
1.09697431090919
1.09693045906551
1.09688971091484
1.09685184356242
1.09681666978313
1.09678399305466
1.09675364361621
1.09672546049734
1.09669929154756
1.09667499346272
1.09665243180827
1.09663149005543
1.09661206058787
1.09659402668224
1.09657728956789
1.09656175942484
1.09654735539462
1.09653399656933
1.09652160199665
1.09651010872797
1.09649944476141
1.09648955611068
1.09648038876662
1.0964718886995
1.09646401088523
1.09645670126035
1.09644992379614
1.0964436424533
1.09643782118305
1.09643242392808
1.09642742364935
1.09642279330199
1.0964184968095
1.09641451614299
1.0964108332702
1.09640742112888
1.09640425265337
1.09640131882949
1.09639860161411
1.09639608296217
1.09639381704773
1.09639177679733
1.09638994416311
1.09638829206784
1.0963868024606
1.09638546631747
1.09638426558569
1.09638318221174
1.09638220716955
1.09638133143267
1.09638054597428
1.09637983273896
1.09637919172756
1.09637861391249
1.09637809929437
1.09637762981689
1.09637721450886
1.09637683531373
1.09637649223173
1.09637618526306
1.09637591440791
1.09637567063793
1.09637544492468
1.09637524629679
1.09637506572579
1.09637490321173
1.09637475875467
1.09637462332606
1.09637450595452
1.09637439761149
1.09637429829699
1.09637420801103
1.09637412675363
1.0963740545248
1.09637399132454
1.09637393715288
1.0963738829812
1.09637383783812
1.09637379269503
1.09637375658055
1.09637372046606
1.09637369338019
1.09637366629432
1.09637363920844
1.09637362115119
1.09637360309393
1.09637358503667
1.09637356697941
1.09637354892215
1.09637353989352
1.09637353086488
1.09637352183625
1.09637351280762
1.09637350377898
1.09637349475035
1.09637348572172
1.09637347669308
1.09637346766445
1.09637345863581
1.09637344960717
1.09637344960717
1.09637344960717
1.09637344960717
1.09637344960717
1.09637344960717
1.09637344960717
1.09637344960717
1.09637344960717
1.09637344960717
1.09637344960717
1.09637344960717
1.09637344960717
1.09637344960717
1.09637344960717
1.09637344960717
1.09637344960717
1.09637344960717
1.09637344960717
1.09637344960717
1.09637344960717
1.09637344960717
1.09637344960717
1.09637344960717
1.09637344960717
1.09637344960717
1.09637344960717
1.09637344960717
1.09637344960717
1.09637344960717
1.09637344960717
1.09637344960717
1.09637344960717
1.09637344960717
1.09637344960717
1.09637344960717
1.09637344960717
1.09637344960717
1.09637344960717
1.09637344960717
1.09637344960717
1.09637344960717
1.09637344960717
1.09637344960717
1.09637344960717
1.09637344960717
1.09637344960717
1.09637344960717
1.09637344960717
1.09637344960717
1.09637344960717
1.09637344960717
1.09637344960717
1.09637344960717
1.09637344960717
1.09637344960717
1.09637344960717
1.09637344960717
1.09637344960717
1.09637344960717
1.09637344960717
1.09637344960717
1.09637344960717
1.09637344960717
1.09637344960717
1.09637344960717
1.0961884475107
1.09585032911835
1.09538648495857
1.09482053026856
1.09417283704688
1.09346101780265
1.09270029760046
1.09190382478667
1.0910829031403
1.09024725442259
1.08921404802212
1.08802174955156
1.08670378024357
1.0852892543368
1.08380351134452
1.08226858392073
1.08070353379533
1.0791247778915
1.07734937533708
1.07542249386927
1.07338365864714
1.0712673700469
1.0691035691094
1.06691807495799
1.06473294966427
1.06256683144103
1.06043523077269
1.05815539089809
1.05577465937593
1.05333392896878
1.05086822472059
1.04840717835815
1.04597551306416
1.04359350413236
1.04127741330851
1.039039935371
1.03689061997713
1.03483627319262
1.03271069010668
1.03055575170589
1.02840644141042
1.02629145951077
1.02423385612969
1.02225162692724
1.02035832845034
1.01856363889922
1.01687390593434
1.01529266188408
1.01382109149359
1.01245846127346
1.0112025039231
1.01004975700305
1.00899586051803
1.00793758558119
1.00690183356554
1.00590995457329
1.00497829459043
1.00411877442881
1.00333946718418
1.00264516315014
1.00203790348864
1.0015174752517
1.00108186071961
1.00072763938857
1.00045034006306
1.0002447464016
1.00010515588572
1.00002559641259
1.0000000040564
1.0
1.0
1.0
1.0
1.0
1.0
1.0
1.0
1.0
1.0
1.0
1.0
1.0
1.0
1.0
1.0
1.0
1.0
1.0
1.0
1.0
1.0
1.0
1.0
1.0
1.0
1.0
1.0
1.0
1.0
1.0
1.0
1.0
1.0
1.0
1.0
1.0
1.0
1.0
1.0
1.0
1.0
1.0
1.0
1.0
1.0
1.0
1.0
1.0
1.0
1.0
1.0
1.0
1.0
1.0
1.0
1.0
1.0
1.0
1.0
1.0
1.0
1.0
1.0
1.0
1.0
1.0
1.0
1.0
1.0
1.0
1.0
1.0
1.0
1.0
1.0
1.0
1.0
1.0
1.0
1.0
1.0
1.0
1.0
1.0
1.0
1.0
1.0
1.0
1.0
1.0
1.0
1.0
1.0
1.0
1.0
1.0
1.0
1.0
1.0
1.0
1.0
1.0
1.0
1.0
1.0
1.0
1.0
1.0
1.0
1.0
1.0
1.0
1.0
1.0
1.0
1.0
1.0
1.0
1.0
1.0
1.0
1.0
1.0
1.0
1.0
1.0
1.0
1.0
1.0
1.0
1.0
1.0
1.0
1.0
1.0
1.0
1.0
1.0
1.0
1.0
1.0
1.0
1.0
1.0
1.0
1.0
1.0
1.0
1.0
1.0
1.0
1.0
1.0
1.0
1.0
1.0
1.0
1.0
1.0
1.0
1.0
1.0
1.0
1.0
1.0
1.0
1.0
1.0
1.0
1.0
1.0
1.0
1.0
1.0
1.0
1.0
1.0
1.0
1.0
1.0
1.0
1.0
1.0
1.0
1.0
1.0
1.0
1.0
1.0
1.0
1.0
1.0
1.0
1.0
1.0
1.0
1.0
1.0
1.0
1.0
1.0
1.0
1.0
1.0
1.0
1.0
1.0
1.0
1.0
1.0
1.0
1.0
1.0
1.0
1.0
1.0
1.0
1.0
1.0
1.0
1.0
1.0
1.0
1.0
1.0
1.0
1.0
1.0
1.0
1.0
1.0
1.0
1.0
1.0
1.0
1.0
1.0
1.0
1.0
1.0
1.0
1.0
1.0
1.0
1.0
1.0
1.0
1.0
1.0
1.0
1.0
1.0
1.0
1.0
1.0
1.0
1.0
1.0
1.0
1.0
1.0
1.0
1.0
1.0
1.0
1.0
1.0
1.0
1.0
1.0
1.0
1.0
1.0
1.0
1.0
1.0
1.0
1.0
1.0
1.0
1.0
1.0
1.0
1.0
1.0
1.0
1.0
1.0
1.0
1.0
1.0
1.0
1.0
1.0
1.0
1.0
1.0
1.0
1.0
1.0
1.0
1.0
1.0
1.0
1.0
1.0
1.0
1.0
1.0
1.0
1.0
1.0
1.0
1.0
1.0
1.0
1.0
1.0
1.0
1.0
1.0
1.0
1.0
1.0
1.0
1.0
1.0
1.0
1.0
1.0
1.0
1.0
1.0
1.0
1.0
1.0
1.0
1.0
1.0
1.0
1.00000033187957
1.00000274777333
1.0000099243793
1.00002472145141
1.00004973148117
1.00008703547407
1.00013809918132
1.00020376097566
1.00028427602562
1.00037939157525
1.00048843663102
1.00061041384933
1.00074408736369
1.00092366409892
1.0011510744938
1.00142741782831
1.00175262771238
1.00212540102166
1.0025432890026
1.00300287656197
1.00350000190652
1.00402998059049
1.00458781855437
1.00516839624947
1.00585188873103
1.00663095324081
1.00749747143255
1.0084424893791
1.00945634855733
1.01052891768965
1.01164985602066
1.01280887697336
1.01399597485428
1.01520161699096
1.01641689285706
1.01763361283458
1.01898491286845
1.02045006677194
1.02200938319663
1.02364415616819
1.0253367049895
1.02707047780938
1.02883015790324
1.03060174527097
1.03237262255416
1.03413158281442
1.03586880681238
1.03757583936553
1.03924552388217
1.04087191993617
1.04245021695358
1.04397663855266
1.04544833012875
1.04686327115649
1.04822016714803
1.04951835624992
1.05075772446177
1.05193863171673
1.05306180818107
1.05412832488843
1.05513950864186
1.05609689523106
1.05700217445267
1.05785717456585
1.05866381031384
1.05942403221202
1.06013984417197
1.06081325569987
1.06144625432537
1.06204081756356
1.06259888757099
1.06312235624707
1.06361306073748
1.06407278927668
1.06450326837886
1.0649061408671
1.06528300218106
1.06563537923938
1.06596470957266
1.0662723786199
1.06655969936456
1.06682793075884
1.06707824802666
1.06731177102947
1.06752955411832
1.06773260505169
1.06792185568349
1.06809821000179
1.0682624956
1.06841550214744
1.06855797158307
1.06869059799776
1.06881403720376
1.06892890665835
1.06903577573664
1.06913517534622
1.06922761721832
1.0693135745451
1.06939349161918
1.06946777414708
1.0695368085644
1.06960096202291
1.06966056304803
1.06971594019476
1.06976737371064
1.06981514386104
1.06985950192678
1.06990068953317
1.06993892898134
1.06997442324622
1.07000737530744
1.07003794948336
1.07006632942728
1.07009266012962
1.07011708658213
1.07013975377746
1.07016077771037
1.07018028404214
1.07019836943578
1.07021514988672
1.0702307123919
1.07024513428207
1.0702585122202
1.07027091387067
1.07028240689777
1.07029306863174
1.07030294740435
1.07031210121331
1.07032058805625
1.07032845626453
1.07033574450331
1.07034250110375
1.0703487647308
1.07035456438327
1.07035993872596
1.07036491675752
1.07036952747656
1.07037379988161
1.07037776297115
1.07038143607758
1.07038483853322
1.0703879896704
1.0703909088214
1.07039360565241
1.07039603183327
1.07039821636229
1.07040018823774
1.07040195712578
1.07040355202463
1.07040498260041
1.07040627785133
1.07040743777742
1.07040848171082
1.07040941931759
1.07041026992987
1.07041103354766
1.07041171983704
1.07041233846405
1.07041289909475
1.07041340172915
1.07041385603331
1.07041426200722
1.07041462931694
1.07041495796247
1.07041525760986
1.07041552825911
1.07041576991022
1.07041598256319
1.07041617588408
1.07041634987287
1.07041650452957
1.07041664952022
1.07041677517879
1.07041689117131
1.07041699749779
1.07041709415823
1.07041718115262
1.07041725848096
1.07041732614326
1.07041738413952
1.07041744213578
1.070417490466
1.07041753879621
1.07041757746038
1.07041761612456
1.07041764512269
1.07041767412081
1.07041770311894
1.07041772245103
1.07041774178311
1.0704177611152
1.07041778044729
1.07041779977937
1.07041780944541
1.07041781911146
1.0704178287775
1.07041783844354
1.07041784810959
1.07041785777563
1.07041786744167
1.07041787710771
1.07041788677376
1.0704178964398
1.07041790610584
1.07041790610584
1.07041790610584
1.07041790610584
1.07041790610584
1.07041790610584
1.07041790610584
1.07041790610584
1.07041790610584
1.07041790610584
1.07041790610584
1.07041790610584
1.07041790610584
1.07041790610584
1.07041790610584
1.07041790610584
1.07041790610584
1.07041790610584
1.07041790610584
1.07041790610584
1.07041790610584
1.07041790610584
1.07041790610584
1.07041790610584
1.07041790610584
1.07041790610584
1.07041790610584
1.07041790610584
1.07041790610584
1.07041790610584
1.07041790610584
1.07041790610584
1.07041790610584
1.07041790610584
1.07041790610584
1.07041790610584
1.07041790610584
1.07041790610584
1.07041790610584
1.07041790610584
1.07041790610584
1.07041790610584
1.07041790610584
1.07041790610584
1.07041790610584
1.07041790610584
1.07041790610584
1.07041790610584
1.07041790610584
1.07041790610584
1.07041790610584
1.07041790610584
1.07041790610584
1.07041790610584
1.07041790610584
1.07041790610584
1.07041790610584
1.07041790610584
1.07041790610584
1.07041790610584
1.07041790610584
1.07041790610584
1.07041790610584
1.07041790610584
1.07041790610584
1.07041790610584
1.07041790610584
1.07041790610584
1.07041790610584
1.07041790610584
1.07041790610584
1.07041790610584
1.07041790610584
1.07041790610584
1.07041790610584
1.07041790610584
1.07041790610584
1.07041790610584
1.07041790610584
1.07041790610584
1.07041790610584
1.07041790610584
1.07041790610584
1.07041790610584
1.07041790610584
1.07041790610584
1.07041790610584
1.07041790610584
1.07041790610584
1.07041790610584
1.07041790610584
1.07041790610584
1.07041790610584
1.07041790610584
1.07041790610584
1.07061586494139
1.07097712753195
1.07147160128152
1.07207318749633
1.07275933393369
1.07351058373139
1.07431020620171
1.07514386869471
1.07599937649963
1.07686637326103
1.07773616495132
1.07860147422929
1.07945628890684
1.0802956987364
1.08111573067048
1.08191325951853
1.08268586032531
1.08343172726223
1.08414956376675
1.08503244226063
1.08604462349016
1.08715521601311
1.08833764501898
1.08956918170135
1.09083052566205
1.09210540413263
1.09338022652113
1.09464375831557
1.09588684351177
1.09710213134218
1.09828381887312
1.09942747350977
1.10052981066324
1.10158851825698
1.10260213619225
1.1035698775519
1.10449153234927
1.10536737421156
1.10619804529316
1.10698449617996
1.1077279120183
1.10842965046663
1.10909120734829
1.10971417624091
1.11030019421428
1.11085094644997
1.11136810751127
1.11185335661193
1.1123083455129
1.1127346835768
1.11313394700803
1.11350765699797
1.11385727415447
1.11418420088733
1.11448978379208
1.11477530074012
1.11504197868446
1.11529097313847
1.11552338579827
1.11574025160967
1.11594255601542
1.11613122933679
1.1163071486229
1.11647113191946
1.11662395479602
1.11676635170844
1.11689900246381
1.11702254828469
1.1171375928497
1.11724470324401
1.11734441082451
1.11743720467209
1.11752355432092
1.11760389566979
1.11767863156462
1.11774814691152
1.11781279448952
1.11787290993764
1.11792879751803
1.11798075226231
1.11802904566424
1.11807392593203
1.11811563271355
1.11815438275435
1.11819037732021
1.11837185332985
1.11867189029873
1.11906658613998
1.11953500432587
1.12005899756843
1.12062299411266
1.12121378870456
1.1218202881107
1.12243327473251
1.1230451901277
1.12364992459991
1.12424261167941
1.1248194694462
1.12537761944083
1.1259149738294
1.12643006587597
1.12692198537296
1.1273902463428
1.12783473293124
1.12825561448346
1.12865328931711
1.12902832179879
1.12938141707946
1.12971336588397
1.13002504677167
1.13031735558122
1.13059123329436
1.13084761083104
1.13108742858267
1.13131160520699
1.13152102850152
1.13171656658059
1.13189905928937
1.13206931031952
1.13222807989742
1.13237609672313
1.13251405070677
1.13264258608687
1.13276232238829
1.13287383796001
1.13297768135219
1.13307436417265
1.1331643630968
1.13324813062217
1.13332608767416
1.13339862518551
1.13346611431307
1.13352889881969
1.13358730498961
1.13364162521783
1.13369214509301
1.13373912677458
1.13378280982675
1.1338234290815
1.13386118946293
1.13389629225952
1.13392891847128
1.13395923778641
1.13398741739171
1.13401360532995
1.13403793929871
1.13406054690616
1.13408154589948
1.13410105275221
1.13411917441489
1.13413600848352
1.13415164334827
1.13416615832461
1.13417964043528
1.13419215945465
1.13420377636374
1.13421456005342
1.13422457072174
1.13423386824289
1.13424249561464
1.1342505039035
1.13425793567577
1.13426482504276
1.1342712225216
1.13427715365898
1.13428266043628
1.13428776819184
1.1342925021854
1.13429689586289
1.1343009660861
1.13430474617467
1.13430825288752
1.13431150294697
1.13431451304218
1.13431730807635
1.13431989643432
1.13432229472457
1.13432451953395
1.13432657919212
1.13432849025337
1.1343302610208
1.13433189978802
1.1343334230735
1.13433483091914
1.13433613982708
1.13433734982818
1.13433846918117
1.13433948145126
1.13434038666431
1.13434120130025
1.13434193360458
1.13434260004667
1.13434319240991
1.13434372715826
1.13434421252549
1.13434464851732
1.13434504336477
1.13434539707172
1.13434571786707
1.13434600575334
1.13434626073281
1.13434649103238
1.13434669665343
1.13434688582182
1.13434705031374
1.13434719835463
1.13434733816942
1.13434746153412
1.13434756844921
1.13434766713925
1.13434775760443
1.13434783984495
1.13434791386095
1.13434797965258
1.13434803721998
1.13434808656325
1.13434813590633
1.13434817702541
1.13434821814436
1.13434825103942
1.13434828393439
1.13434830860557
1.1343483332767
1.13434835794777
1.13434837439513
1.13434839084247
1.13434840728978
1.13434842373708
1.13434844018435
1.13434844840797
1.1343484566316
1.13434846485521
1.13434847307883
1.13434848130243
1.13434848952603
1.13434849774963
1.13434850597322
1.1343485141968
1.13434852242038
1.13434853064395
1.13434853064395
1.13434853064395
1.13434853064395
1.13434853064395
1.13434853064395
1.13434853064395
1.13434853064395
1.13434853064395
1.13434853064395
1.13434853064395
1.13434853064395
1.13434853064395
1.13434853064395
1.13434853064395
1.13434853064395
1.13434853064395
1.13434853064395
1.13434853064395
1.13434853064395
1.13434853064395
1.13434853064395
1.13434853064395
1.13434853064395
1.13434853064395
1.13434853064395
1.13434853064395
1.13434853064395
1.13434853064395
1.13434853064395
1.13434853064395
1.13434853064395
1.13434853064395
1.13434853064395
1.13434853064395
1.13434853064395
1.13434853064395
1.13434853064395
1.13434853064395
1.13443245685104
1.13458415889261
1.1347887369431
1.13503283991798
1.13530480290192
1.13559463455834
1.13589395587001
1.13619587596682
1.13649483781607
1.13678648321443
1.13706748545464
1.13733540603058
1.13758856430006
1.13782589523402
1.13804684471523
1.13825126711384
1.13843934217863
1.13861150446262
1.13876836407051
1.13891067115454
1.13903926454753
1.13915503267272
1.13925889104312
1.13935175688016
1.13943453173549
1.13950809294496
1.13957327667536
1.13963087289364
1.13968162615364
1.13972623021127
1.13976532496121
1.13979949866264
1.13982929180032
1.13985519463028
1.13987765213622
1.13989706698185
1.13991380129073
1.13992817991157
1.13994049259157
1.13995099896295
1.13995992933041
1.13996748760427
1.13997385460314
1.13997918965793
1.13998363339354
1.13998730869406
1.13999032402527
1.1399927740235
1.13999474085278
1.13999629658218
1.13999750369462
1.13999841645349
1.13999908169893
1.13999953992492
1.13999982596096
1.13999996982224
1.13999999357018
1.13999984103184
1.13999951656331
1.13999905654264
1.13999849146142
1.13999784705044
1.13999714491522
1.13999640282262
1.13999563583263
1.1399948561586
1.13999407388442
1.13999329689867
1.13999253209504
1.13999178427344
1.13999105725494
1.1399903541435
1.1399896769771
1.1399890274285
1.13998840698696
1.13998781523835
1.13998725298349
1.13998671925124
1.13998621387941
1.13998573633395
1.13998528643265
1.13998486233797
1.13998446331395
1.13998408841805
1.13998373652168
1.13998340705846
1.13998309860339
1.13998280959522
1.13998253984771
1.13998228760342
1.13998205176391
1.13998183192468
1.13998162686942
1.1399814360963
1.13998125829294
1.1399810921009
1.13998093768403
1.13998079440952
1.13998066083457
1.13998053627531
1.13998042082245
1.1399803137657
1.1399802167682
1.13998012910803
1.13998005004896
1.1399799788423
1.13997991472856
1.13997985693898
1.13997980469686
1.13997975802396
1.1399797161337
1.13997967823428
1.13997964433692
1.13997961364365
1.13997958616175
1.13997956108866
1.13997953842884
1.13997951818629
1.13997949955436
1.13997948334582
1.13997946875268
1.13997945577667
1.13997944360796
1.13997943305884
1.1399794233188
1.13997941438841
1.13997940626821
1.13997939895866
1.1399793924602
1.13997938677321
1.13997938189803
1.13997937702227
1.1399793729587
1.13997936889474
1.13997936564328
1.13997936239156
1.1399793599526
1.13997935751351
1.13997935507427
1.13997935344803
1.13997935182172
1.13997935019535
1.13997934856892
1.13997934694243
1.13997934612916
1.13997934531587
1.13997934450256
1.13997934368925
1.13997934287591
1.13997934206256
1.13997934124919
1.13997934043581
1.13997933962241
1.13997933880899
1.13997933799556
1.13997933799556
1.13997933799556
1.13997933799556
1.13997933799556
1.13997933799556
1.13997933799556
1.13997933799556
1.13997933799556
1.13997933799556
1.13997933799556
1.13997933799556
1.13997933799556
1.13997933799556
1.13997933799556
1.13997933799556
1.13998683129055
1.13999618311622
1.13999994788091
1.13999566046714
1.13998240267909
1.139957716953
1.13991982844386
1.13986764678004
1.13980071536468
1.13971912517916
1.13962342112971
1.13951450345845
1.1393935310443
1.13926184446909
1.1391208912024
1.13897216718024
1.13881716581656
1.13865733516272
1.13849406353664
1.13832864357696
1.13816226452383
1.13794361920547
1.13767559677084
1.13736092072026
1.13700253187421
1.13660375695395
1.13616832603796
1.13570032403904
1.13520410499631
1.1346841544113
1.1341450022874
1.13359109054684
1.13302671601272
1.13245593623918
1.13188253733249
1.13130998303749
1.13074140521226
1.13017958580884
1.12962695516831
1.12897296211438
1.12823146742474
1.12741508891244
1.1265355915268
1.1256040139947
1.12463075009941
1.12362554672007
1.12259748003179
1.12155494045206
1.12050558158361
1.11945632206075
1.11841334163704
1.11738208090031
1.11636726994486
1.11537296142203
1.11440255547634
1.11329955945776
1.11208802007779
1.1107894130856
1.10942301043546
1.10800612999229
1.10655431513438
1.10508143265784
1.1035997982092
1.10212022148142
1.10065212712209
1.09920361526703
1.09778156202123
1.09639172263107
1.09503880561594
1.09372660354264
1.09245804097873
1.09123530837016
1.09005993346797
1.08893285078497
1.08785451409162
1.0868249291237
1.08584375429948
1.0849103280902
1.08402374422447
1.08318289905816
1.08238650072624
1.08163315396284
1.08072551378945
1.07969538577723
1.0785702892928
1.07737404685064
1.07612720858887
1.07484743259753
1.07354982271265
1.07224723092403
1.07095047041017
1.06966857624263
1.0684090176133
1.06717785122214
1.06597993071204
1.06481903548415
1.06369801418171
1.06261893177743
1.06158315171492
1.06059145817268
1.05964415972584
1.05874113566582
1.05788193006732
1.05706581645484
1.05629183315363
1.05555884641946
1.05486558407734
1.05421068722566
1.05359269490709
1.05301013199905
1.05246147360636
1.05194518445783
1.05145975752789
1.05100367722287
1.05057546663346
1.0501736875456
1.04979693099031
1.04944384488659
1.04911310570625
1.04880346438536
1.0485137085796
1.04824268060992
1.04798926757489
1.04775242840074
1.04753115626594
1.04732450567612
1.04713157344026
1.0469515073315
1.04678350555281
1.0466267978966
1.04648067283694
1.04634444958884
1.04621748691989
1.0460991873799
1.04598898326013
1.04588634546749
1.04579077412808
1.04570180293345
1.04561899436976
1.04554193041708
1.04547023064029
1.04540353379521
1.04534149771206
1.04528381285392
1.04523017488154
1.04518031190111
1.04513396616562
1.04509089401286
1.04505087035875
1.04501368409432
1.04497913804136
1.0449470534595
1.04491725182315
1.04488957752744
1.04486387967426
1.0448400211418
1.04481787401851
1.04479731504274
1.04477823467511
1.04476052799803
1.04474409924759
1.04472885271976
1.04471470638784
1.0447015828104
1.04468940912531
1.0446781170444
1.04466764738879
1.04465793646411
1.0446489296779
1.04464057699576
1.04463283293854
1.04462565657973
1.04461900246557
1.04461283423077
1.04460711551875
1.04460181451922
1.04459689942839
1.04459234752477
1.04458812701501
1.04458421518655
1.04458058933034
1.04457723127832
1.04457411832711
1.04457123685136
1.04456856415208
1.04456609114514
1.04456386319806
1.04456185761462
1.04456005623787
1.04455843183743
1.04455697079657
1.04455565496209
1.04455447071896
1.04455340445283
1.04455244708715
1.0445515850085
1.04455080914111
1.04455011040949
1.04454947973839
1.04454891258993
1.04454840442638
1.04454794617293
1.04454753329207
1.04454716124636
1.04454682549843
1.04454652604808
1.04454625382091
1.04454600881679
1.04454579103563
1.04454559594021
1.04454541899338
1.04454526019509
1.0445451150082
1.04454498343268
1.04454486546849
1.04454476111563
1.04454466583697
1.04454457963251
1.04454450250224
1.04454443444615
1.04454437092715
1.04454431648231
1.04454426657456
1.04454422120388
1.04454418037029
1.04454414407376
1.04454411231431
1.04454408055486
1.04454405333248
1.04454403064717
1.04454400796186
1.04454398981361
1.04454397166537
1.04454395805419
1.04454394444301
1.04454393083183
1.04454391722065
1.04454390814653
1.04454389907241
1.04454388999829
1.04454388092417
1.04454387638712
1.04454387185006
1.044543867313
1.04454386277594
1.04454385823888
1.04454385370182
1.04454384916477
1.04454384462771
1.04454384009065
1.04454383555359
1.04454383101654
1.04454383101654
1.04454383101654
1.04454383101654
1.04454383101654
1.04454383101654
1.04454383101654
1.04454383101654
1.04454383101654
1.04454383101654
1.04454383101654
1.04454383101654
1.04454383101654
1.04454383101654
1.04454383101654
1.04454383101654
1.04454383101654
1.04454383101654
1.04454383101654
1.04454383101654
1.04454383101654
1.04454383101654
1.04454383101654
1.04454383101654
1.04454383101654
1.04454383101654
1.04454383101654
1.04454383101654
1.04454383101654
1.04454383101654
1.04454383101654
1.04454383101654
1.04454383101654
1.04454383101654
1.04454383101654
1.04454383101654
1.04454383101654
1.04454383101654
1.04454383101654
1.04454383101654
1.04454383101654
1.04454383101654
1.04454383101654
1.04454383101654
1.04454383101654
1.04454383101654
1.04454383101654
1.04454383101654
1.04454383101654
1.04454383101654
1.04454383101654
1.04454383101654
1.04454383101654
1.04454383101654
1.04454383101654
1.04435808575116
1.04401958150746
1.04355724651904
1.04299628677309
1.04235854498854
1.04166282025616
1.04092521530233
1.04015941703263
1.03937698059879
1.03858758576432
1.03779927584403
1.03701864665431
1.03625105813691
1.03550078894526
1.03477118995331
1.03406482705252
1.0332121234673
1.03224810945626
1.0312029893657
1.03010256590394
1.02896865524101
1.02781951329999
1.02667022638804
1.02553308481897
1.02441793560267
1.0233325120375
1.02228272109616
1.02127291962825
1.02030614375235
1.01938433405406
1.01850852271336
1.01767899396338
1.01689543823503
1.01602516873029
1.01509775935414
1.01413821498304
1.0131673348428
1.01220209932403
1.01125608532336
1.0103398765699
1.00946145537921
1.00862657721349
1.00783911087492
1.007101352557
1.00641430635081
1.00577793432825
1.00519137441531
1.00465312595753
1.00416121673506
1.0037133330614
1.0033069383374
1.00293936307081
1.00260788190114
1.00230977285826
1.0019901446671
1.00166574924938
1.00135043926547
1.00105525784462
1.00078863715592
1.00055665802385
1.00036334089977
1.00021094340964
1.00010025067401
1.00003084810162
1.00000137094138
1.0
1.0
1.0
1.0
1.0
1.0
1.0
1.0
1.0
1.0
1.0
1.0
1.0
1.0
1.0
1.0
1.0
1.0
1.0
1.0
1.0
1.0
1.0
1.0
1.0
1.0
1.0
1.0
1.0
1.0
1.0
1.0
1.0
1.0
1.0
1.0
1.0
1.0
1.0
1.0
1.0
1.0
1.0
1.0
1.0
1.0
1.0
1.0
1.0
1.0
1.0
1.0
1.0
1.0
1.0
1.0
1.0
1.0
1.0
1.0
1.0
1.0
1.0
1.0
1.0
1.0
1.0
1.0
1.0
1.0
1.0
1.0
1.0
1.0
1.0
1.0
1.0
1.0
1.0
1.0
1.0
1.0
1.0
1.0
1.0
1.0
1.0
1.0
1.0
1.0
1.0
1.0
1.0
1.0
1.0
1.0
1.0
1.0
1.0
1.0
1.0
1.0
1.0
1.0
1.0
1.0
1.0
1.0
1.0
1.0
1.0
1.0
1.0
1.0
1.0
1.0
1.0
1.0
1.0
1.0
1.0
1.0
1.0
1.0
1.0
1.0
1.0
1.0
1.0
1.0
1.0
1.0
1.0
1.0
1.0
1.0
1.0
1.0
1.0
1.0
1.0
1.0
1.0
1.0
1.0
1.0
1.0
1.0
1.0
1.0
1.0
1.0
1.0
1.0
1.0
1.0
1.0
1.0
1.0
1.0
1.0
1.0
1.0
1.0
1.0
1.0
1.0
1.0
1.0
1.0
1.0
1.0
1.0
1.0
1.0
1.0
1.0
1.0
1.0
1.0
1.0
1.0
1.0
1.0
1.0
1.0
1.0
1.0
1.0
1.0
1.0
1.0
1.0
1.0
1.0
1.0
1.0
1.0
1.0
1.0
1.0
1.0
1.0
1.0
1.0
1.0
1.0
1.0
1.0
1.0
1.0
1.0
1.0
1.0
1.0
1.0
1.0
1.0
1.0
1.0
1.0
1.0
1.0
1.0
1.0
1.0
1.0
1.0
1.0
1.0
1.0
1.0
1.0
1.0
1.0
1.0
1.0
1.0
1.0
1.0
1.0
1.0
1.0
1.0
1.0
1.0
1.0
1.0
1.0
1.0
1.0
1.0
1.0
1.0
1.0
1.0
1.0
1.0
1.0
1.0
1.0
1.0
1.0
1.0
1.0
1.0
1.0
1.0
1.0
1.0
1.0
1.0
1.0
1.0
1.0
1.0
1.0
1.0
1.0
1.0
1.0
1.0
1.0
1.0
1.0
1.0
1.0
1.0
1.0
1.0
1.0
1.0
1.0
1.0
1.0
1.0
1.0
1.0
1.0
1.0
1.0
1.0
1.0
1.0
1.0
1.0
1.0
1.0
1.0
1.0
1.0
1.0
1.0
1.0
1.0
1.0
1.0
1.0
1.0
1.0
1.0
1.0
1.0
1.0
1.0
1.0
1.0
1.0
1.0
1.0
1.0
1.0
1.0
1.0
1.0
1.0
1.0
1.0
1.0
1.0
1.0
1.0
1.0
1.0
1.0
1.0
1.0
1.0
1.0
1.0
1.0
1.0
1.0
1.0
1.0
1.0
1.0
1.0
1.0
1.0
1.0
1.0
1.0
1.0
1.0
1.0
1.0
1.0
1.0
1.0
1.0
1.0
1.0
1.0
1.0
1.0
1.0
1.0
1.0
1.0
1.0
1.0
1.0
1.0
1.0
1.0
1.0
1.0
1.0
1.0
1.0
1.0
1.0
1.0
1.0
1.0
1.0
1.0
1.0
1.0
1.0
1.0
1.0
1.0
1.0
1.0
1.0
1.0
1.0
1.0
1.0
1.0
1.0
1.0
1.0
1.0
1.0
1.0
1.0
1.0
1.0
1.0
1.0
1.0
1.0
1.0
1.0
1.0
1.0
1.0
1.0
1.0
1.0
1.0
1.0
1.0
1.0
1.0
1.0
1.0
1.0
1.0
1.0
1.0
1.0
1.0
1.0
1.0
1.0
1.0
1.0
1.0
1.0
1.0
1.0
1.0
1.0
1.0
1.0
1.0
1.0
1.0
1.0
1.0
1.0
1.0
1.0
1.0
1.0
1.0
1.0
1.0
1.0
1.0
1.0
1.0
1.0
1.0
1.0
1.0
1.0
1.0
1.0
1.0
1.0
1.0
1.0
1.0
1.0
1.0
1.0
1.0
1.0
1.0
1.0
1.0
1.0
1.0
1.0
1.0
1.0
1.0
1.0
1.0
1.0
1.0
1.0
1.0
1.0
1.0
1.0
1.0
1.0
1.0
1.0
1.0
1.0
1.0
1.0
1.0
1.0
1.0
1.0
1.0
1.0
1.0
1.0
1.0
1.0
1.0
1.0
1.0
1.0
1.0
1.0
1.0
1.0
1.0
1.0
1.0
1.0
1.0
1.0
1.0
1.0
1.0
1.0
1.0
1.0
1.0
1.0
1.0
1.0
1.0
1.0
1.0
1.0
1.0
1.0
1.0
1.0
1.0
1.0
1.0
1.0
1.0
1.0
1.0
1.0
1.0
1.0
1.0
1.0
1.0
1.0
1.0
1.0
1.0
1.0
1.0
1.0
1.0
1.0
1.0
1.0
1.0
1.0
1.0
1.0
1.0
1.0
1.0
1.0
1.0
1.0
1.0
1.0
1.0
1.0
1.0
1.0
1.0
1.0
1.0
1.0
1.0
1.0
1.0
1.0
1.0
1.0
1.0
1.0
1.0
1.0
1.0
1.0
1.0
1.0
1.0
1.0
1.0
1.0
1.0
1.0
1.0
1.0
1.0
1.0
1.0
1.0
1.0
1.0
1.0
1.0
1.0
1.0
1.0
1.0
1.0
1.0
1.0
1.0
1.0
1.0
1.0
1.0
1.0
1.0
1.0
1.0
1.0
1.0
1.0
1.0
1.0
1.0
1.0
1.0
1.0
1.0
1.0
1.0
1.0
1.0
1.0
1.0
1.0
1.0
1.0
1.0
1.0
1.0
1.0
1.0
1.0
1.0
1.0
1.0
1.0
1.0
1.0
1.0
1.0
1.0
1.0
1.0
1.0
1.0
1.0
1.0
1.0
1.0
1.0
1.0
1.0
1.0
1.0
1.0
1.0
1.0
1.0
1.0
1.0
1.0
1.0
1.0
1.0
1.0
1.0
1.0
1.0
1.0
1.0
1.0
1.0
1.0
1.0
1.0
1.0
1.0
1.0
1.0
1.0
1.0
1.0
1.0
1.0
1.0
1.0
1.0
1.0
1.0
1.0
1.0
1.0
1.0
1.0
1.0
1.0
1.0
1.0
1.0
1.0
1.0
1.0
1.0
1.0
1.0
1.0
1.0
1.0
1.0
1.0
1.0
1.0
1.0
1.0
1.0
1.0
1.0
1.0
1.0
1.0
1.0
1.0
1.0
1.0
1.0
1.0
1.0
1.0
1.0
1.0
1.0
1.0
1.0
1.0
1.0
1.0
1.0
1.0
1.0
1.0
1.0
1.0
1.0
1.0
1.0
1.0
1.0
1.0
1.0
1.0
1.0
1.0
1.0
1.0
1.0
1.0
1.0
1.0
1.0
1.0
1.0
1.0
1.0
1.0
1.0
1.0
1.0
1.0
1.0
1.0
1.0
1.0
1.0
1.0
1.0
1.0
1.0
1.0
1.0
1.0
1.0
1.0
1.0
1.0
1.0
1.0
1.0
1.0
1.0
1.0
1.0
1.0
1.0
1.0
1.0
1.0
1.0
1.0
1.0
1.0
1.0
1.0
1.0
1.0
1.0
1.0
1.0
1.0
1.0
1.0
1.0
1.0
1.0
1.0
1.0
1.0
1.0
1.0
1.0
1.0
1.0
1.0
1.0
1.0
1.0
1.0
1.0
1.0
1.0
1.0
1.0
1.0
1.0
1.0
1.0
1.0
1.0
1.0
1.0
1.0
1.0
1.0
1.0
1.0
1.0
1.0
1.0
1.0
1.0
1.0
1.0
1.0
1.0
1.0
1.0
1.0
1.0
1.0
1.0
1.0
1.0
1.0
1.0
1.0
1.0
1.0
1.0
1.0
1.0
1.0
1.0
1.0
1.0
1.0
1.0
1.0
1.0
1.0
1.0
1.0
1.0
1.0
1.0
1.0
1.0
1.0
1.0
1.0
1.0
1.0
1.0
1.0
1.0
1.0
1.0
1.0
1.0
1.0
1.0
1.0
1.0
1.0
1.0
1.0
1.0
1.0
1.0
1.0
1.0
1.0
1.0
1.0
1.0
1.0
1.0
1.0
1.0
1.0
1.0
1.0
1.0
1.0
1.0
1.0
1.0
1.0
1.0
1.0
1.0
1.0
1.0
1.0
1.0
1.0
1.0
1.0
1.0
1.0
1.0
1.0
1.0
1.0
1.0
1.0
1.0
1.0
1.0
1.0
1.0
1.0
1.0
1.0
1.0
1.0
1.0
1.0
1.0
1.0
1.0
1.0
1.0
1.0
1.0
1.0
1.0
1.0
1.0
1.0
1.0
1.0
1.0
1.0
1.0
1.0
1.0
1.0
1.0
1.0
1.0
1.0
1.0
1.0
1.0
1.0
1.0
1.0
1.0
1.0
1.0
1.0
1.0
1.0
1.0
1.0
1.0
1.0
1.0
1.0
1.0
1.0
1.0
1.0
1.0
1.0
1.0
1.0
1.0
1.0
1.0
1.0
1.0
1.0
1.0
1.0
1.0
1.0
1.0
1.0
1.0
1.0
1.0
1.0
1.0
1.0
1.0
1.0
1.0
1.0
1.0
1.0
1.0
1.0
1.0
1.0
1.0
1.0
1.0
1.0
1.0
1.0
1.0
1.0
1.0
1.0
1.0
1.0
1.0
1.0
1.0
1.0
1.0
1.0
1.0
1.0
1.0
1.0
1.0
1.0
1.0
1.0
1.0
1.0
1.0
1.0
1.0
1.0
1.0
1.0
1.0
1.0
1.0
1.0
1.0
1.0
1.0
1.0
1.0
1.0
1.0
1.0
1.0
1.0
1.0
1.0
1.0
1.0
1.0
1.0
1.0
1.0
1.0
1.0
1.0
1.0
1.0
1.0
1.0
1.0
1.0
1.0
1.0
1.0
1.0
1.0
1.0
1.0
1.0
1.0
1.0
1.0
1.0
1.0
1.0
1.0
1.0
1.0
1.0
1.0
1.0
1.0
1.0
1.0
1.0
1.0
1.0
1.0
1.0
1.0
1.0
1.0
1.0
1.0
1.0
1.0
1.0
1.0
1.0
1.0
1.0
1.0
1.0
1.0
1.0
1.0
1.0
1.0
1.0
1.0
1.0
1.0
1.0
1.0
1.0
1.0
1.0
1.0
1.0
1.0
1.0
1.0
1.0
1.0
1.0
1.0
1.0
1.0
1.0
1.0
1.0
1.0
1.0
1.0
1.0
1.0
1.0
