Godot Engine v4.4.stable.official.4c311cbee - https://godotengine.org
OpenGL API 3.3.0 Core Profile Context 24.10.34.240723 - Compatibility - Using Device: ATI Technologies Inc. - AMD Radeon(TM) Graphics

WARNING: Nodes with non-equal opposite anchors will have their size overridden after _ready(). 
If you want to set size, change the anchors or consider using set_deferred().
   at: _set_size (scene/gui/control.cpp:1443)
WARNING: Nodes with non-equal opposite anchors will have their size overridden after _ready(). 
If you want to set size, change the anchors or consider using set_deferred().
   at: _set_size (scene/gui/control.cpp:1443)
WARNING: Nodes with non-equal opposite anchors will have their size overridden after _ready(). 
If you want to set size, change the anchors or consider using set_deferred().
   at: _set_size (scene/gui/control.cpp:1443)
WARNING: Nodes with non-equal opposite anchors will have their size overridden after _ready(). 
If you want to set size, change the anchors or consider using set_deferred().
   at: _set_size (scene/gui/control.cpp:1443)
WARNING: Nodes with non-equal opposite anchors will have their size overridden after _ready(). 
If you want to set size, change the anchors or consider using set_deferred().
   at: _set_size (scene/gui/control.cpp:1443)
WARNING: Nodes with non-equal opposite anchors will have their size overridden after _ready(). 
If you want to set size, change the anchors or consider using set_deferred().
   at: _set_size (scene/gui/control.cpp:1443)
WARNING: Nodes with non-equal opposite anchors will have their size overridden after _ready(). 
If you want to set size, change the anchors or consider using set_deferred().
   at: _set_size (scene/gui/control.cpp:1443)
WARNING: Nodes with non-equal opposite anchors will have their size overridden after _ready(). 
If you want to set size, change the anchors or consider using set_deferred().
   at: _set_size (scene/gui/control.cpp:1443)
WARNING: Nodes with non-equal opposite anchors will have their size overridden after _ready(). 
If you want to set size, change the anchors or consider using set_deferred().
   at: _set_size (scene/gui/control.cpp:1443)
WARNING: Nodes with non-equal opposite anchors will have their size overridden after _ready(). 
If you want to set size, change the anchors or consider using set_deferred().
   at: _set_size (scene/gui/control.cpp:1443)
1.0
1.0
1.0
1.0
1.0
1.0
1.0
1.0
1.0
1.0
1.0
1.0
1.0
1.0
1.0
1.0
1.0
1.0
1.0
1.0
1.0
1.0
1.0
1.0
1.0
1.0
1.0
1.0
1.0
1.0
1.0
1.0
1.0
1.0
1.0
1.0
1.0
1.0
1.0
1.0
1.0
1.0
1.0
1.0
1.0
1.0
1.0
1.0
1.0
1.0
1.0
1.0
1.0
1.0
1.0
1.0
1.0
1.0
1.0
1.0
1.0
1.0
1.0
1.0
1.0
1.0
1.0
1.0
1.0
1.0
1.0
1.0
1.0
1.0
1.0
1.0
1.0
1.0
1.0
1.0
1.0
1.0
1.0
1.0
1.0
1.0
1.0
1.0
1.0
1.0
1.0
1.0
1.0
1.0
1.0
1.0
1.0
1.0
1.0
1.0
1.0
1.0
1.0
1.0
1.0
1.0
1.0
1.0
1.0
1.0
1.0
1.0
1.0
1.0
1.0
1.0
1.0
1.0
1.0
1.0
1.0
1.0
1.0
1.0
1.0
1.0
1.0
1.0
1.0
1.0
1.0
1.0
1.0
1.0
1.0
1.0
1.0
1.0
1.0
1.0
1.0
1.0
1.0
1.0
1.0
1.0
1.0
1.0
1.0
1.0
1.0
1.0
1.0
1.0
1.0
1.0
1.0
1.0
1.0
1.0
1.0
1.0
1.0
1.0
1.0
1.0
1.0
1.0
1.0
1.0
1.0
1.0
1.0
1.0
1.0
1.0
1.0
1.0
1.0
1.0
1.0
1.0
1.0
1.0
1.0
1.0
1.0
1.0
1.0
1.0
1.0
1.0
1.0
1.0
1.0
1.0
1.0
1.0
1.0
1.0
1.0
1.0
1.0
1.0
1.0
1.0
1.0
1.0
1.0
1.0
1.0
1.0
1.0
1.0
1.0
1.0
1.0
1.0
1.0
1.0
1.0
1.0
1.0
1.0
1.0
1.0
1.0
1.0
1.0
1.0
1.0
1.0
1.0
1.0
1.0
1.0
1.0
1.0
1.0
1.0
1.0
1.0
1.0
1.0
1.0
1.0
1.0
1.0
1.0
1.0
1.0
1.0
1.0
1.0
1.0
1.0
1.0
1.0
1.0
1.0
1.0
1.0
1.0
1.0
1.0
1.0
1.0
1.0
1.0
1.0
1.0
1.0
1.0
1.0
1.0
1.0
1.0
1.0
1.0
1.0
1.0
1.0
1.0
1.0
1.0
1.0
1.0
1.0
1.0
1.0
1.0
1.0
1.0
1.0
1.0
1.0
1.0
1.0
1.0
1.0
1.0
1.0
1.0
1.0
1.0
1.0
1.0
1.0
1.0
1.0
1.0
1.0
1.0
1.0
1.0
1.0
1.0
1.0
1.0
1.0
1.0
1.0
1.0
1.0
1.0
1.0
1.0
1.0
1.0
1.0
1.0
1.0
1.0
1.0
1.0
1.0
1.0
1.0
1.0
1.0
1.0
1.0
1.0
1.0
1.0
1.0
1.0
1.0
1.0
1.0
1.0
1.0
1.0
1.0
1.0
1.0
1.0
1.0
1.0
1.0
1.0
1.0
1.0
1.0
1.0
1.0
1.0
1.0
1.0
1.0
1.0
1.0
1.0
1.0
1.0
1.0
1.0
1.0
1.0
1.0
1.0
1.0
1.0
1.0
1.0
1.0
1.0
1.0
1.0
1.0
1.0
1.0
1.0
1.0
1.0
1.0
1.0
1.0
1.0
1.0
1.0
1.0
1.0
1.0
1.0
1.0
1.0
1.0
1.0
1.0
1.0
1.0
1.0
1.0
1.0
1.0
1.0
1.0
1.0
1.0
1.0
1.0
1.0
1.0
1.0
1.0
1.0
1.0
1.0
1.0
1.0
1.0
1.0
1.0
1.0
1.0
1.0
1.0
1.0
1.0
1.0
1.0
1.0
1.0
1.0
1.0
1.0
1.0
1.0
1.0
1.0
1.0
1.0
1.0
1.0
1.0
1.0
1.0
1.0
1.0
1.0
1.0
1.0
1.0
1.0
1.0
1.0
1.0
1.0
1.0
1.0
1.0
1.0
1.0
1.0
1.0
1.0
1.0
1.0
1.0
1.0
1.0
1.0
1.0
1.0
1.0
1.0
1.0
1.0
1.0
1.0
1.0
1.0
1.0
1.0
1.0
1.0
1.0
1.0
1.0
1.0
1.0
1.0
1.0
1.0
1.0
1.0
1.0
1.0
1.0
1.0
1.0
1.0
1.0
1.0
1.0
1.0
1.0
1.0
1.0
1.0
1.0
1.0
1.0
1.0
1.0
1.0
1.0
1.0
1.0
1.0
1.0
1.0
1.0
1.0
1.0
1.0
1.0
1.0
1.0
1.0
1.0
1.0
1.0
1.0
1.0
1.0
1.0
1.0
1.0
1.0
1.0
1.0
1.0
1.0
1.0
1.0
1.0
1.0
1.0
1.0
1.0
1.0
1.0
1.0
1.0
1.0
1.0
1.0
1.0
1.0
1.0
1.0
1.0
1.0
1.0
1.0
1.0
1.0
1.0
1.0
1.0
1.0
1.0
1.0
1.0
1.0
1.0
1.0
1.0
1.0
1.0
1.0
1.0
1.0
1.0
1.0
1.0
1.0
1.0
1.0
1.0
1.0
1.0
1.0
1.0
1.0
1.0
1.0
1.0
1.0
1.0
1.0
1.0
1.0
1.0
1.0
1.0
1.0
1.0
1.0
1.0
1.0
1.0
1.0
1.0
1.0
1.0
1.0
1.0
1.0
1.0
1.0
1.0
1.0
1.0
1.0
1.0
1.0
1.0
1.0
1.0
1.0
1.0
1.0
1.0
1.0
1.0
1.0
1.0
1.0
1.0
1.0
1.0
1.0
1.0
1.0
1.0
1.0
1.0
1.0
1.0
1.0
1.0
1.0
1.0
1.0
1.0
1.0
1.0
1.0
1.0
1.0
1.0
1.0
1.0
1.0
1.0
1.0
1.0
1.0
1.0
1.0
1.0
1.0
1.0
1.0
1.0
1.0
1.0
1.0
1.0
1.0
1.0
1.0
1.0
1.0
1.0
1.00000037299994
1.00000297335638
1.00001054046637
1.00002596606124
1.00005185217794
1.00009027353862
1.00014267893749
1.00020988307888
1.00029211372533
1.00038908928264
1.00050010986144
1.00062415049603
1.00075994934334
1.00090608741609
1.00106105699887
1.00122331916232
1.00139134967328
1.00156367497543
1.00173889931572
1.00191572342898
1.0020929569424
1.00226952509843
1.00244447212122
1.0026169594292
1.00278626302385
1.00295176717876
1.00311295873076
1.00326941938838
1.00342081800439
1.00356690124174
1.00370748661633
1.00384245550239
1.00397174275713
1.00409533340171
1.00421325189887
1.00432555929194
1.00443234699436
1.00453373158158
1.00462984785615
1.00472084954998
1.00480690189159
1.00488817898815
1.00496486338853
1.00511736279515
1.00533468472064
1.00560785781769
1.0059292634831
1.0062921966596
1.00669058837733
1.00711884338705
1.00757174994837
1.00804443641529
1.00853235516003
1.00903128147658
1.00953731823705
1.01004689996019
1.01055679863114
1.01106411934983
1.01156629547112
1.01206108080376
1.01254653615297
1.01302101154311
1.01348313006209
1.01393176608972
1.01436602497688
1.01478522247246
1.01518886176331
1.01557661675058
1.01594831147616
1.01630389757463
1.01664344315007
1.01696711106541
1.01727514948114
1.01756787213977
1.01784565152169
1.0181089053155
1.01835808614848
1.01859367817026
1.01881618019745
1.01916716171101
1.01962506610618
1.02017148005893
1.02079047460829
1.02146813405546
1.02219223060123
1.02295195986745
1.02373778062166
1.02454125804679
1.02535496456421
1.02617239880548
1.02698789126006
1.0277965481247
1.02859417546744
1.02937722269258
1.03014273122569
1.03088826528866
1.03161187033172
1.0323120162879
1.0329875552291
1.03363767416452
1.03426185209919
1.03485982230957
1.03543153640117
1.03597714357478
1.03649694293955
1.03699137318474
1.03746098023746
1.03790640163243
1.03832834197252
1.03872756563189
1.03910488080008
1.03946111472455
1.03979711972801
1.04011375750407
1.04041188346986
1.04069235780762
1.04095602577503
1.0412037202792
1.04161887191478
1.04217154251089
1.0428359443918
1.04358980311628
1.04441382611986
1.04529130549775
1.04620777662312
1.04715074029285
1.04810944297101
1.04907467171884
1.05003856375909
1.05099450291689
1.05193692559148
1.05286123102723
1.0537636759066
1.05464124386589
1.05549159445795
1.05631294168971
1.05710399496627
1.05786389732051
1.05859216141845
1.05928860379858
1.0599533160651
1.06058660658125
1.06118896064627
1.06176102912097
1.06230356889925
1.06281744088034
1.06330357918414
1.06376296040428
1.06419661149049
1.06460556963794
1.06499090012198
1.06535366611414
1.06569490824991
1.06601567258163
1.06631697113139
1.06659981010681
1.06686515065528
1.06711392762874
1.06734704913051
1.06756538647166
1.06776977384454
1.06796101771255
1.0681398772594
1.06830709318751
1.06846335857341
1.0686093283995
1.06874563877643
1.06887287786252
1.06899161478547
1.06910238025409
1.06920568584073
1.06930199494575
1.06939176142801
1.06947541024843
1.06975129891137
1.07018516545627
1.07074728098572
1.07141189478552
1.07215675649116
1.07296268512878
1.07381323057433
1.07469429900268
1.07559391387632
1.07650194665931
1.07740988400229
1.0783106309812
1.07919835987988
1.08006831828995
1.0809167026969
1.08174052110169
1.08253748350303
1.08330592044544
1.08404467278553
1.08475301028922
1.08543057900298
1.08607733007252
1.08669347753129
1.08727943780041
1.08783579814076
1.08836328563012
1.08886272733947
1.08933503914699
1.08978118693691
1.09020217629432
1.09059904247849
1.09097283138198
1.09132459005929
1.09165536669387
1.09196618296782
1.09225804360017
1.09253193665032
1.09278880627228
1.09302958079565
1.09325515474707
1.09346637099563
1.09366405793944
1.09384900242037
1.09402195020153
1.09418361555248
1.09433467251087
1.09447577352316
1.09460752241071
1.09473050207478
1.09484525655408
1.09495230951935
1.09505214631035
1.09514522327749
1.09523198615914
1.09531283390726
1.09538815520965
1.09545831046231
1.0955236409837
1.09558446006081
1.09564107119637
1.09569375912481
1.09574278083628
1.09578838377907
1.09583080591518
1.09587025766337
1.0959069400673
1.0959410357844
1.09597273627535
1.09600219658389
1.09602957157076
1.09605500688649
1.09607862995024
1.09610057710222
1.09612095744497
1.09613988903094
1.09615746270878
1.09617377829929
1.0961889265221
1.09620298900574
1.09621603829646
1.09622814690183
1.09623938729465
1.09624981384671
1.0962594899402
1.09626846989987
1.09627679899764
1.09628452248971
1.09629168561809
1.0962983245796
1.09630448459308
1.0963101928034
1.09631548538002
1.09632039848504
1.09632495021188
1.09632916768074
1.09633307800729
1.09633669927266
1.09634005858539
1.09634317402058
1.09634606365102
1.09634873651755
1.09635121068942
1.09635344102666
1.09635544559748
1.09635725149787
1.09635887679259
1.09636033954519
1.09636165781813
1.09636284064377
1.09636390608306
1.09636486316717
1.09636572995589
1.09636650645055
1.09636721071022
1.09636784273576
1.09636841155684
1.09636892620291
1.09636938667446
1.09636980200072
1.096370172182
1.09637050624738
1.09637080419705
1.09637107505996
1.09637131883622
1.09637153552596
1.09637173415798
1.09637191473236
1.09637207724914
1.09637222170838
1.09637234811012
1.09637246548308
1.09637257382728
1.09637266411407
1.09637274537213
1.0963728176015
1.09637288983083
1.09637295303147
1.09655781805048
1.09689465304913
1.09735464083444
1.0979126658753
1.09854697065817
1.09923882225768
1.09997219466122
1.10073344988308
1.10151108613101
1.10229547748757
1.1030786265775
1.10385397576442
1.10461620866946
1.10536107830204
1.10608527069883
1.10678624522905
1.10746214506552
1.10811167639753
1.10873400761257
1.10932872064602
1.10989571528523
1.11043515729396
1.1109474285887
1.11143307946056
1.1118927986289
1.1123273846695
1.11273769521931
1.11312465271602
1.11348921144946
1.11383234903763
1.1141550506744
1.11445828631987
1.11474302677996
1.11501022147348
1.11526079953487
1.11549565582726
1.11571565984977
1.11592164944921
1.11611442463389
1.11629475638871
1.11646337296017
1.11662098344305
1.11676824908744
1.11690579931923
1.11703423271489
1.1171541179052
1.117265987057
1.11737035138574
1.11746768713702
1.11755844360567
1.11764304371848
1.11772189186309
1.11779535245525
1.11786378687041
1.11792752461918
1.11798687101356
1.11804212200759
1.11809354991464
1.11814141091971
1.11818594528734
1.1182273775486
1.11826591666856
1.11830175619602
1.1183350816208
1.11836606325334
1.118394863549
1.11842162997387
1.11844650951109
1.11846962708707
1.11849110726864
1.11851105989434
1.11852959452936
1.1185468060976
1.11856278931758
1.11857763152916
1.11859141272108
1.11860420555515
1.11861608257633
1.11862710184977
1.11863732854271
1.11864682055705
1.1186556285433
1.1186638030955
1.11867138757521
1.11867841812117
1.11868494519796
1.11869099769506
1.11869661165617
1.11870181592231
1.11870663931481
1.11871111063731
1.11871525867761
1.11871910503354
1.11872267129214
1.1187259790307
1.11872904264327
1.11873188369176
1.11873451655716
1.11873695561539
1.11873921523787
1.11874130979195
1.11874325364133
1.11874500376627
1.1187465745293
1.11874798746175
1.11874926409135
1.11875041159913
1.11875144433634
1.11875236948084
1.11875320855238
1.11875396155476
1.11875463566272
1.11875524522155
1.11875579023332
1.11875628504212
1.11875672964925
1.1187571312269
1.11875748977598
1.11875781246821
1.1187581064751
1.11875837179708
1.11875860843456
1.11875882355869
1.11875901716971
1.11875918926784
1.118759347024
1.11875948326761
1.11875960516951
1.11875971990046
1.11875982028986
1.11875991350843
1.11875999238556
1.11876006409195
1.11876012862762
1.1187601859926
1.11876024335752
1.11876029355178
1.1187603365754
1.11876037242839
1.11876040828135
1.11876043696371
1.11876046564605
1.11876049432838
1.11876051584012
1.11876053735184
1.11876055886356
1.1187605732047
1.11876058754584
1.11876060188698
1.11876061622811
1.11876063056924
1.1187606377398
1.11876064491036
1.11876065208092
1.11876065925148
1.11876066642204
1.1187606735926
1.11876068076315
1.11876068793371
1.11876069510427
1.11876070227482
1.11876070227482
1.11876070227482
1.11876070227482
1.11876070227482
1.11876070227482
1.11876070227482
1.11876070227482
1.11876070227482
1.11876070227482
1.11876070227482
1.11876070227482
1.11876070227482
1.11876070227482
1.11876070227482
1.11876070227482
1.11876070227482
1.11876070227482
1.11876070227482
1.11876070227482
1.11876070227482
1.11876070227482
1.11876070227482
1.11876070227482
1.11876070227482
1.11876070227482
1.11876070227482
1.11876070227482
1.11876070227482
1.11876070227482
1.11876070227482
1.11876070227482
1.11876070227482
1.11876070227482
1.11876070227482
1.11876070227482
1.11876070227482
1.11876070227482
1.11876070227482
1.11876070227482
1.11876070227482
1.11876070227482
1.11876070227482
1.11876070227482
1.11876070227482
1.11876070227482
1.11876070227482
1.11876070227482
1.11876070227482
1.11876070227482
1.11876070227482
1.11876070227482
1.11876070227482
1.11876070227482
1.11876070227482
1.11876070227482
1.11876070227482
1.11876070227482
1.11876070227482
1.11876070227482
1.11876070227482
1.11876070227482
1.11876070227482
1.11876070227482
1.11876070227482
1.11876070227482
1.11876070227482
1.11876070227482
1.11876070227482
1.11876070227482
1.11876070227482
1.11876070227482
1.11876070227482
1.11876070227482
1.11876070227482
1.11876070227482
1.11876070227482
1.11876070227482
1.11876070227482
1.11876070227482
1.11876070227482
1.11876070227482
1.11876070227482
1.11876070227482
1.11876070227482
1.11876070227482
1.11876070227482
1.11876070227482
1.11876070227482
1.11876070227482
1.11876070227482
1.11876070227482
1.11876070227482
1.11876070227482
1.11876070227482
1.11876070227482
1.11876070227482
1.11876070227482
1.11876070227482
1.11876070227482
1.11876070227482
1.11876070227482
1.11876070227482
1.11876070227482
1.11876070227482
1.11876070227482
1.11876070227482
1.11876070227482
1.11876070227482
1.11876070227482
1.11876070227482
1.11876070227482
1.11876070227482
1.11876070227482
1.11876070227482
1.11876070227482
1.11876070227482
1.11876070227482
1.11876070227482
1.11876070227482
1.11876070227482
1.11876070227482
1.11876070227482
1.11876070227482
1.11876070227482
1.11876070227482
1.11876070227482
1.11876070227482
1.11876070227482
1.11876070227482
1.11876070227482
1.11876070227482
1.11876070227482
1.11876070227482
1.11876070227482
1.11876070227482
1.11876070227482
1.11876070227482
1.11876070227482
1.11876070227482
1.11876070227482
1.11876070227482
1.11876070227482
1.11876070227482
1.11876070227482
1.11876070227482
1.11876070227482
1.11876070227482
1.11876070227482
1.11876070227482
1.11876070227482
1.11876070227482
1.11876070227482
1.11876070227482
1.11876070227482
1.11876070227482
1.11876070227482
1.11876070227482
1.11876070227482
1.11876070227482
1.11876070227482
1.11876070227482
1.11876070227482
1.11876070227482
1.11876070227482
1.11876070227482
1.11876070227482
1.11876070227482
1.11876070227482
1.11876070227482
1.11876070227482
1.11876070227482
1.11876070227482
1.11876070227482
1.11876070227482
1.11876070227482
1.11876070227482
1.11876070227482
1.11876070227482
1.11876070227482
1.11876070227482
1.11876070227482
1.11876070227482
1.11876070227482
1.11876070227482
1.11876070227482
1.11876070227482
1.11876070227482
1.11876070227482
1.11876070227482
1.11876070227482
1.11876070227482
1.11876070227482
1.11876070227482
1.11876070227482
1.11876070227482
1.11876070227482
1.11876070227482
1.11876070227482
1.11876070227482
1.11876070227482
1.11876070227482
1.11876070227482
1.11876070227482
1.11876070227482
1.11876070227482
1.11876070227482
1.11876070227482
1.11876070227482
1.11876070227482
1.11876070227482
1.11876070227482
1.11876070227482
1.11876070227482
1.11876070227482
1.11876070227482
1.11876070227482
1.11876070227482
1.11876070227482
1.11876070227482
1.11876070227482
1.11876070227482
1.11876070227482
1.11876070227482
1.11876070227482
1.11876070227482
1.11876070227482
1.11876070227482
1.11876070227482
1.11876070227482
1.11876070227482
1.11876070227482
1.11876070227482
1.11876070227482
1.11876070227482
1.11876070227482
1.11876070227482
1.11876070227482
1.11876070227482
1.11876070227482
1.11876070227482
1.11876070227482
1.11876070227482
1.11876070227482
1.11876070227482
1.11876070227482
1.11876070227482
1.11876070227482
1.11876070227482
1.11876070227482
1.11876070227482
1.11876070227482
1.11876070227482
1.11876070227482
1.11876070227482
1.11876070227482
1.11876070227482
1.11876070227482
1.11876070227482
1.11876070227482
1.11876070227482
1.11876070227482
1.11876070227482
1.11876070227482
1.11876070227482
1.11876070227482
1.11876070227482
1.11876070227482
1.11876070227482
1.11876070227482
1.11876070227482
1.11876070227482
1.11876070227482
1.11876070227482
1.11876070227482
1.11876070227482
1.11876070227482
1.11876070227482
1.11876070227482
1.11876070227482
1.11876070227482
1.11876070227482
1.11876070227482
1.11876070227482
1.11876070227482
1.11876070227482
1.11876070227482
1.11876070227482
1.11890736533522
1.11917404304791
1.11953701252552
1.1199754166773
1.12047115176454
1.12100865469599
1.12157468468629
1.12215809863944
1.12274961447779
1.12334160629559
1.12392787816072
1.12450348170754
1.12506455925113
1.12560815188277
1.1261320761637
1.12663479312406
1.12711530745812
1.12757308366121
1.12800792136284
1.12841992992621
1.12880944877822
1.12917698491137
1.12952318777126
1.12984880497238
1.1301546522733
1.13044160694119
1.13071056103772
1.13096240887862
1.13119805573502
1.13141839660913
1.13162429674598
1.13181659301168
1.13199610497781
1.13216360750973
1.13231984271898
1.13246552199626
1.13260131873726
1.13272787065224
1.13284577282401
1.13295559825087
1.1330578814463
1.1331531205642
1.1332417882681
1.13332432442882
1.13340114662222
1.13347263390776
1.13353915465558
1.13360105005419
1.13365862665273
1.13371218349353
1.13376199556997
1.13380832329609
1.13385140463954
1.13389146437793
1.13392870614889
1.13396332999444
1.13399551578978
1.13402543217437
1.13405323690353
1.13407906876694
1.13410307309664
1.13412537676307
1.13414609683389
1.13416534911847
1.13418323162761
1.13419984143481
1.13421526645603
1.13422959388118
1.13424289366057
1.13425524350486
1.13426671234383
1.13427736041299
1.13428724759248
1.13429642518467
1.13430493597463
1.13431283902307
1.13432016842834
1.13432697460791
1.13433329133718
1.13433915226669
1.1343445827082
1.13434962433118
1.13435430226109
1.13435864155386
1.13436266720274
1.1343663959328
1.13445363522382
1.13460822247123
1.13481524746711
1.13506137798773
1.13533496908104
1.13562604843759
1.13592626817442
1.1362287641161
1.13652801455986
1.13681969021738
1.13710049950652
1.13736803170532
1.13762062742
1.13785724789667
1.1380773686777
1.13828086153835
1.13846793172164
1.13863902360369
1.13879476917578
1.13893593000731
1.13906335538583
1.13917794659507
1.13928063021581
1.13937232997794
1.13945395589937
1.13952638971517
1.13959047140248
1.13964699638338
1.1396967134284
1.13974031377384
1.13977844260701
1.13981168877466
1.13984059150929
1.13986564420291
1.13988729003687
1.13990593241282
1.13992193258839
1.13993561443997
1.13994726755954
1.13995714939764
1.13996548909847
1.13997249002158
1.13997833099394
1.13998317062331
1.13998714810032
1.13999038497518
1.1399929883225
1.13999505117921
1.13999665506867
1.13999787048446
1.13999875871997
1.13999937286861
1.13999975873766
1.13999995563064
1.13999999409251
1.13999980262692
1.13999938145936
1.13999877850476
1.13999803455344
1.1399971836026
1.13999625429607
1.13999527096813
1.13999425325894
1.13999321774308
1.13999217768061
1.13999114387911
1.13999012514672
1.13998912868994
1.13998815922909
1.13998722162568
1.13998631809097
1.13998545083817
1.1399846217182
1.13998383097546
1.13998307872472
1.13998236511974
1.13998168896588
1.13998105004921
1.13998044694768
1.13997987861976
1.13997934450256
1.13997884212557
1.13997837037291
1.13997792876302
1.13997751496289
1.13997712729594
1.13997676479872
1.13997642639971
1.1399761100551
1.13997581449112
1.1399755392417
1.13997528290086
1.13997504399901
1.13997482100993
1.13997461325834
1.1399744200382
1.13997424061547
1.13997407332007
1.13997391827496
1.13997377376201
1.1399736398717
1.13997351484694
1.13997340244204
1.13997330089041
1.13997320932939
1.13997312688391
1.13997305266809
1.13997298578683
1.13997292533711
1.13997287134063
1.13997282195223
1.13997277811761
1.13997273798282
1.13997270249039
1.13997267071455
1.13997264172643
1.13997261553048
1.13997259213071
1.13997257059413
1.13997255185984
1.13997253499354
1.13997251999695
1.13997250593395
1.13997249374312
1.13997248248766
1.13997247216815
1.1399724627851
1.139972454339
1.13997244683027
1.1399724402593
1.13997243462642
1.13997242899296
1.13997242429798
1.1399724196026
1.13997241584601
1.13997241208917
1.13996195808049
1.13993859826099
1.13989769730203
1.13983411665068
1.13974323016237
1.13962146918481
1.13946655461404
1.13927752282952
1.13905461723552
1.13879911626629
1.1385131372015
1.13819942104067
1.13786115688317
1.13750178694607
1.13712488832307
1.13673401546788
1.13633265235052
1.1359241052371
1.13551145444405
1.13509754324953
1.13468494437352
1.13427593924949
1.13387253454706
1.13347646689019
1.13308920231061
1.13271198250022
1.13234579585015
1.13199143311214
1.13164950685504
1.13132045780949
1.13100456126779
1.13070197982021
1.13041274151254
1.13013679422217
1.12987399893068
1.12962413737888
1.12938693549825
1.12916207069858
1.12894919513785
1.12874790890273
1.12855779858246
1.1283784428371
1.12820940030695
1.12805023079387
1.12790048206545
1.12775971044001
1.12762750153596
1.12750340356085
1.12738701675545
1.12727792590942
1.12717573724568
1.12708006259255
1.12699053863412
1.12690681059996
1.12682855129556
1.12675542645866
1.12668713139937
1.12662337398869
1.12656387536512
1.12650838863637
1.12645664528279
1.12640840975053
1.1263634618857
1.12632157915162
1.12628257325864
1.12624625415275
1.12621244842408
1.1261809813041
1.1261517133352
1.1261244858021
1.12609915734815
1.12607560413742
1.12605370167589
1.12603334320796
1.12601443982861
1.12599686553136
1.12598054895082
1.1259653817014
1.1259512918244
1.12593820713209
1.12592607361778
1.12591480032686
1.12590433291185
1.12589461689817
1.12588559769679
1.1258772390293
1.12586948612438
1.12586228412696
1.12585561495732
1.12584942363977
1.12584367356882
1.12583834653059
1.12583340584714
1.12582883324481
1.12582459198662
1.12582064530732
1.12581699330753
1.12581361763312
1.12581048146702
1.12580756642372
1.12580487255893
1.12580238147093
1.12580013011207
1.12579810007349
1.12579627293753
1.12579463027891
1.12579315366569
1.12579182466026
1.12579062482014
1.12578955415867
1.1257885942273
1.12578772657427
1.12578695120647
1.12578624966835
1.12578562196438
1.1257850496362
1.12578453268653
1.12578407111785
1.12578364646927
1.12578327720542
1.12578294486462
1.12578264944791
1.12578237249247
1.12578213246264
1.12578191089518
1.12578170779044
1.12578152314873
1.12578135697036
1.12578120925559
1.12578108000466
1.12578096921776
1.1257808584305
1.12578076610753
1.1257806737843
1.12578059992555
1.12578052606664
1.12578047067235
1.12578041527798
1.12578035988351
1.12578032295382
1.12578028602409
1.12578024909432
1.12578021216452
1.12578017523467
1.12578015676973
1.12578013830478
1.12578011983983
1.12578010137486
1.12578008290988
1.12578006444489
1.1257800459799
1.12578002751489
1.12578000904988
1.12577999058485
1.12577997211981
1.12577997211981
1.12577997211981
1.12577997211981
1.12577997211981
1.12577997211981
1.12577997211981
1.12577997211981
1.12577997211981
1.12577997211981
1.12577997211981
1.12577997211981
1.12577997211981
1.12577997211981
1.12577997211981
1.12577997211981
1.12577997211981
1.12577997211981
1.12577997211981
1.12577997211981
1.12577997211981
1.12577997211981
1.12577997211981
1.12577997211981
1.12577997211981
1.12577997211981
1.12577997211981
1.12577997211981
1.12577997211981
1.12577997211981
1.12577997211981
1.12577997211981
1.12577997211981
1.12577997211981
1.12577997211981
1.12577997211981
1.12577997211981
1.12577997211981
1.12577997211981
1.12577997211981
1.12577997211981
1.12577997211981
1.12577997211981
1.12577997211981
1.12577997211981
1.12577997211981
1.12577997211981
1.12577997211981
1.12577997211981
1.12577997211981
1.12577997211981
1.12577997211981
1.12577997211981
1.12577997211981
1.12577997211981
1.12577997211981
1.12577997211981
1.12577997211981
1.12577997211981
1.12577997211981
1.12577997211981
1.12577997211981
1.12577997211981
1.12577997211981
1.12577997211981
1.12577997211981
1.12577997211981
1.12577997211981
1.12577997211981
1.12577997211981
1.12577997211981
1.12577997211981
1.12577997211981
1.12577997211981
1.12577997211981
1.12577997211981
1.12577997211981
1.12577997211981
1.12577997211981
1.12577997211981
1.12577997211981
1.12577997211981
1.12577997211981
1.12577997211981
1.12577997211981
1.12577997211981
1.12577997211981
1.12577997211981
1.12577997211981
1.12577997211981
1.12577997211981
1.12577997211981
1.12577997211981
1.12577997211981
1.12577997211981
1.12577997211981
1.12577997211981
1.12577997211981
1.12577997211981
1.12577997211981
1.12577997211981
1.12577997211981
1.12577997211981
1.12577997211981
1.12577997211981
1.12577997211981
1.12577997211981
1.12577997211981
1.12577997211981
1.12577997211981
1.12577997211981
1.12577997211981
1.12577997211981
1.12577997211981
1.12577997211981
1.12577997211981
1.12577997211981
1.12577997211981
1.12577997211981
1.12577997211981
1.12577997211981
1.12577997211981
1.12577997211981
1.12577997211981
1.12577997211981
1.12577997211981
1.12577997211981
1.12577997211981
1.12577997211981
1.12577997211981
1.12577997211981
1.12577997211981
1.12577997211981
1.12577997211981
1.12577997211981
1.12577997211981
1.12577997211981
1.12577997211981
1.12577997211981
1.12577997211981
1.12577997211981
1.12577997211981
1.12577997211981
1.12577997211981
1.12577997211981
1.12577997211981
1.12577997211981
1.12577997211981
1.12577997211981
1.12577997211981
1.12577997211981
1.12577997211981
1.12577997211981
1.12577997211981
1.12577997211981
1.12577997211981
1.12577997211981
1.12577997211981
1.12577997211981
1.12577997211981
1.12577997211981
1.12577997211981
1.12577997211981
1.12577997211981
1.12577997211981
1.12577997211981
1.12577997211981
1.12577997211981
1.12577997211981
1.12577997211981
1.12577997211981
1.12577997211981
1.12577997211981
1.12577997211981
1.12577997211981
1.12577997211981
1.12577997211981
1.12577997211981
1.12577997211981
1.12577997211981
1.12577997211981
1.12577997211981
1.12577997211981
1.12577997211981
1.12577997211981
1.12577997211981
1.12577997211981
1.12577997211981
1.12577997211981
1.12577997211981
1.12577997211981
1.12577997211981
1.12577997211981
1.12577997211981
1.12577997211981
1.12577997211981
1.12577997211981
1.12577997211981
1.12577997211981
1.12577997211981
1.12577997211981
1.12577997211981
1.12577997211981
1.12577997211981
1.12577997211981
1.12577997211981
1.12577997211981
1.12577997211981
1.12577997211981
1.12577997211981
1.12577997211981
1.12577997211981
1.12577997211981
1.12577997211981
1.12577997211981
1.12577997211981
1.12577997211981
1.12577997211981
1.12577997211981
1.12577997211981
1.12577997211981
1.12577997211981
1.12577997211981
1.12577997211981
1.12577997211981
1.12577997211981
1.12577997211981
1.12577997211981
1.12577997211981
1.12577997211981
1.12577997211981
1.12577997211981
1.12577997211981
1.12577997211981
1.12577997211981
1.12577997211981
1.12577997211981
1.12577997211981
1.12577997211981
1.12577997211981
1.12577997211981
1.12577997211981
1.12577997211981
1.12577997211981
1.12577997211981
1.12577997211981
1.12577997211981
1.12577997211981
1.12577997211981
1.12577997211981
1.12577997211981
1.12577997211981
1.12577997211981
1.12577997211981
1.12577997211981
1.12577997211981
1.12577997211981
1.12577997211981
1.12577997211981
1.12577997211981
1.12577997211981
1.12577997211981
1.12577997211981
1.12577997211981
1.12577997211981
1.12577997211981
1.12577997211981
1.12577997211981
1.12577997211981
1.12577997211981
1.12577997211981
1.12577997211981
1.12577997211981
1.12577997211981
1.12577997211981
1.12577997211981
1.12577997211981
1.12577997211981
1.12577997211981
1.12577997211981
1.12577997211981
1.12577997211981
1.12577997211981
1.12577997211981
1.12577997211981
1.12577997211981
1.12577997211981
1.12577997211981
1.12577997211981
1.12577997211981
1.12577997211981
1.12577997211981
1.12577997211981
1.12577997211981
1.12577997211981
1.12577997211981
1.12577997211981
1.12577997211981
1.12577997211981
1.12577997211981
1.12577997211981
1.12577997211981
1.12577997211981
1.12577997211981
1.12577997211981
1.12577997211981
1.12577997211981
1.12577997211981
1.12577997211981
1.12577997211981
1.12577997211981
1.12577997211981
1.12577997211981
1.12577997211981
1.12577997211981
1.12577997211981
1.12577997211981
1.12577997211981
1.12577997211981
1.12577997211981
1.12577997211981
1.12577997211981
1.12577997211981
1.12577997211981
1.12577997211981
1.12577997211981
1.12577997211981
1.12577997211981
1.12577997211981
1.12577997211981
1.12577997211981
1.12577997211981
1.12577997211981
1.12577997211981
1.12577997211981
1.12577997211981
1.12577997211981
1.12577997211981
1.12577997211981
1.12577997211981
1.12577997211981
1.12577997211981
1.12577997211981
1.12577997211981
1.12577997211981
1.12577997211981
1.12577997211981
1.12577997211981
1.12577997211981
1.12577997211981
1.12577997211981
1.12577997211981
1.12577997211981
1.12577997211981
1.12577997211981
1.12577997211981
1.12577997211981
1.12577997211981
1.12577997211981
1.12577997211981
1.12577997211981
1.12577997211981
1.12577997211981
1.12577997211981
1.12577997211981
1.12577997211981
1.12577997211981
1.12577997211981
1.12577997211981
1.12577997211981
1.12577997211981
1.12577997211981
1.12577997211981
1.12577997211981
1.12577997211981
1.12577997211981
1.12577997211981
1.12577997211981
1.12577997211981
1.12577997211981
1.12577997211981
1.12577997211981
1.12577997211981
1.12577997211981
1.12577997211981
1.12577997211981
1.12577997211981
1.12577997211981
1.12577997211981
1.12577997211981
1.12577997211981
1.12577997211981
1.12577997211981
1.12577997211981
1.12577997211981
1.12577997211981
1.12577997211981
1.12577997211981
1.12577997211981
1.12577997211981
1.12577997211981
1.12577997211981
1.12577997211981
1.12577997211981
1.12577997211981
1.12577997211981
1.12577997211981
1.12577997211981
1.12577997211981
1.12577997211981
1.12577997211981
1.12577997211981
1.12577997211981
1.12577997211981
1.12577997211981
1.12577997211981
1.12577997211981
1.12577997211981
1.12577997211981
1.12577997211981
1.12577997211981
1.12577997211981
1.12577997211981
1.12577997211981
1.12577997211981
1.12577997211981
1.12577997211981
1.12577997211981
1.12577997211981
1.12577997211981
1.12577997211981
1.12577997211981
1.12577997211981
1.12577997211981
1.12577997211981
1.12577997211981
1.12577997211981
1.12577997211981
1.12577997211981
1.12577997211981
1.12577997211981
1.12577997211981
1.12577997211981
1.12577997211981
1.12577997211981
1.12577997211981
1.12577997211981
1.12577997211981
1.12577997211981
1.12577997211981
1.12577997211981
1.12577997211981
1.12577997211981
1.12577997211981
1.12577997211981
1.12577997211981
1.12577997211981
1.12577997211981
1.12577997211981
1.12577997211981
1.12577997211981
1.12577997211981
1.12577997211981
1.12577997211981
1.12577997211981
1.12577997211981
1.12577997211981
1.12577997211981
1.12577997211981
1.12577997211981
1.12577997211981
1.12577997211981
1.12577997211981
1.12577997211981
1.12577997211981
1.12577997211981
1.12577997211981
1.12577997211981
1.12577997211981
1.12577997211981
1.12577997211981
1.12577997211981
1.12577997211981
1.12577997211981
1.12577997211981
1.12577997211981
1.12577997211981
1.12577997211981
1.12577997211981
1.12577997211981
1.12577997211981
1.12577997211981
1.12577997211981
1.12577997211981
1.12577997211981
1.12577997211981
1.12577997211981
1.12577997211981
1.12577997211981
1.12577997211981
1.12577997211981
1.12577997211981
1.12577997211981
1.12577997211981
1.12577997211981
1.12577997211981
1.12577997211981
1.12577997211981
1.12577997211981
1.12577997211981
1.12577997211981
1.12577997211981
1.12577997211981
1.12577997211981
1.12577997211981
1.12577997211981
1.12577997211981
1.12577997211981
1.12577997211981
1.12577997211981
1.12577997211981
1.12577997211981
1.12577997211981
1.12577997211981
1.12577997211981
1.12577997211981
1.12577997211981
1.12577997211981
1.12577997211981
1.12577997211981
1.12577997211981
1.12577997211981
1.12577997211981
1.12577997211981
1.12577997211981
1.12577997211981
1.12577997211981
1.12577997211981
1.12577997211981
1.12577997211981
1.12577997211981
1.12577997211981
1.12577997211981
1.12577997211981
1.12577997211981
1.12577997211981
1.12577997211981
1.12577997211981
1.12577997211981
1.12577997211981
1.12577997211981
1.12577997211981
1.12577997211981
1.12577997211981
1.12577997211981
1.12577997211981
1.12577997211981
1.12577997211981
1.12577997211981
1.12577997211981
1.12577997211981
1.12577997211981
1.12577997211981
1.12577997211981
1.12577997211981
1.12577997211981
1.12577997211981
1.12577997211981
1.12577997211981
1.12577997211981
1.12577997211981
1.12577997211981
1.12577997211981
1.12577997211981
1.12577997211981
1.12577997211981
1.12577997211981
1.12577997211981
1.12577997211981
1.12577997211981
1.12577997211981
1.12577997211981
1.12577997211981
1.12577997211981
1.12577997211981
1.12577997211981
1.12577997211981
1.12577997211981
1.12577997211981
1.12577997211981
1.12577997211981
1.12577997211981
1.12577997211981
1.12577997211981
1.12577997211981
1.12577997211981
1.12577997211981
1.12577997211981
1.12577997211981
1.12577997211981
1.12577997211981
1.12577997211981
1.12577997211981
1.12577997211981
1.12577997211981
1.12577997211981
1.12577997211981
1.12577997211981
1.12577997211981
1.12577997211981
1.12577997211981
1.12577997211981
1.12577997211981
1.12577997211981
1.12577997211981
1.12577997211981
1.12577997211981
1.12577997211981
1.12577997211981
1.12577997211981
1.12577997211981
1.12577997211981
1.12577997211981
1.12577997211981
1.12577997211981
1.12577997211981
1.12577997211981
1.12577997211981
1.12577997211981
1.12577997211981
1.12577997211981
1.12577997211981
1.12577997211981
1.12577997211981
1.12577997211981
1.12577997211981
1.12577997211981
1.12577997211981
1.12577997211981
1.12577997211981
1.12577997211981
1.12577997211981
1.12577997211981
1.12577997211981
1.12577997211981
1.12577997211981
1.12577997211981
1.12577997211981
1.12577997211981
1.12577997211981
1.12577997211981
1.12577997211981
1.12577997211981
1.12577997211981
1.12577997211981
1.12577997211981
1.12577997211981
1.12577997211981
1.12577997211981
1.12577997211981
1.12577997211981
1.12577997211981
1.12577997211981
1.12577997211981
1.12577997211981
1.12577997211981
1.12577997211981
1.12577997211981
1.12577997211981
1.12577997211981
1.12577997211981
1.12577997211981
1.12577997211981
1.12577997211981
1.12577997211981
1.12577997211981
1.12577997211981
1.12577997211981
1.12577997211981
1.12577997211981
1.12577997211981
1.12577997211981
1.12577997211981
1.12577997211981
1.12577997211981
1.12577997211981
1.12577997211981
1.12577997211981
1.12577997211981
1.12577997211981
1.12577997211981
1.12577997211981
1.12577997211981
1.12577997211981
1.12577997211981
1.12577997211981
1.12577997211981
1.12577997211981
1.12577997211981
1.12577997211981
1.12577997211981
1.12577997211981
1.12577997211981
1.12577997211981
1.12577997211981
1.12577997211981
1.12577997211981
1.12577997211981
1.12577997211981
1.12577997211981
1.12577997211981
1.12577997211981
1.12577997211981
1.12577997211981
1.12577997211981
1.12577997211981
1.12577997211981
1.12577997211981
1.12577997211981
1.12577997211981
1.12577997211981
1.12577997211981
1.12577997211981
1.12577997211981
1.12577997211981
1.12577997211981
1.12577997211981
1.12577997211981
1.12577997211981
1.12577997211981
1.12577997211981
1.12577997211981
1.12577997211981
1.12577997211981
1.12577997211981
1.12577997211981
1.12577997211981
1.12577997211981
1.12577997211981
1.12577997211981
1.12577997211981
1.12577997211981
1.12577997211981
1.12577997211981
1.12577997211981
1.12577997211981
1.12577997211981
1.12577997211981
1.12577997211981
1.12577997211981
1.12577997211981
1.12577997211981
1.12577997211981
1.12577997211981
1.12577997211981
1.12577997211981
1.12577997211981
1.12577997211981
1.12577997211981
1.12577997211981
1.12577997211981
1.12577997211981
1.12577997211981
1.12577997211981
1.12577997211981
1.12577997211981
1.12577997211981
1.12577997211981
1.12577997211981
1.12577997211981
1.12577997211981
1.12577997211981
1.12577997211981
1.12577997211981
1.12577997211981
1.12577997211981
1.12577997211981
1.12577997211981
1.12577997211981
1.12577997211981
1.12577997211981
1.12577997211981
1.12577997211981
1.12577997211981
1.12577997211981
1.12577997211981
1.12577997211981
1.12577997211981
1.12577997211981
1.12577997211981
1.12577997211981
1.12577997211981
1.12577997211981
1.12577997211981
1.12577997211981
1.12577997211981
1.12577997211981
1.12577997211981
1.12577997211981
1.12577997211981
1.12577997211981
1.12577997211981
1.12577997211981
1.12577997211981
1.12577997211981
1.12577997211981
1.12577997211981
1.12577997211981
1.12577997211981
1.12577997211981
1.12577997211981
1.12577997211981
1.12577997211981
1.12577997211981
1.12577997211981
1.12577997211981
1.12577997211981
1.12577997211981
1.12577997211981
1.12577997211981
1.12577997211981
1.12577997211981
1.12577997211981
1.12577997211981
1.12577997211981
1.12577997211981
1.12577997211981
1.12577997211981
1.12577997211981
1.12577997211981
1.12577997211981
1.12577997211981
1.12577997211981
1.12577997211981
1.12577997211981
1.12577997211981
1.12577997211981
1.12577997211981
1.12577997211981
1.12577997211981
1.12577997211981
1.12577997211981
1.12577997211981
1.12577997211981
1.12577997211981
1.12577997211981
1.12577997211981
1.12577997211981
1.12577997211981
1.12577997211981
1.12577997211981
1.12577997211981
1.12577997211981
1.12577997211981
1.12577997211981
1.12577997211981
1.12577997211981
1.12577997211981
1.12577997211981
1.12577997211981
1.12577997211981
1.12577997211981
1.12577997211981
1.12577997211981
1.12577997211981
1.12577997211981
1.12577997211981
1.12577997211981
1.12577997211981
1.12577997211981
1.12577997211981
1.12577997211981
1.12577997211981
1.12577997211981
1.12577997211981
1.12577997211981
1.12577997211981
1.12577997211981
1.12577997211981
1.12577997211981
1.12577997211981
1.12577997211981
1.12577997211981
1.12577997211981
1.12577997211981
1.12577997211981
1.12577997211981
1.12577997211981
1.12577997211981
1.12577997211981
1.12577997211981
1.12577997211981
1.12577997211981
1.12577997211981
1.12577997211981
1.12577997211981
1.12577997211981
1.12577997211981
1.12577997211981
1.12577997211981
1.12577997211981
1.12577997211981
1.12577997211981
1.12577997211981
1.12577997211981
1.12577997211981
1.12577997211981
1.12577997211981
1.12577997211981
1.12577997211981
1.12577997211981
1.12577997211981
1.12577997211981
1.12577997211981
1.12577997211981
1.12577997211981
1.12577997211981
1.12577997211981
1.12577997211981
1.12577997211981
1.12577997211981
1.12577997211981
1.12577997211981
1.12577997211981
1.12577997211981
1.12577997211981
1.12577997211981
1.12577997211981
1.12577997211981
1.12577997211981
1.12577997211981
1.12577997211981
1.12577997211981
1.12577997211981
1.12577997211981
1.12577997211981
1.12577997211981
1.12577997211981
1.12577997211981
1.12577997211981
1.12577997211981
1.12577997211981
1.12577997211981
1.12577997211981
1.12577997211981
1.12577997211981
1.12577997211981
1.12577997211981
1.12577997211981
1.12577997211981
1.12577997211981
1.12577997211981
1.12577997211981
1.12577997211981
1.12577997211981
1.12577997211981
1.12577997211981
1.12577997211981
1.12577997211981
1.12577997211981
1.12577997211981
1.12577997211981
1.12577997211981
1.12577997211981
1.12577997211981
1.12577997211981
1.12577997211981
1.12577997211981
1.12577997211981
1.12577997211981
1.12577997211981
1.12577997211981
1.12577997211981
1.12577997211981
1.12577997211981
1.12577997211981
1.12577997211981
1.12577997211981
1.12577997211981
1.12577997211981
1.12577997211981
1.12577997211981
1.12577997211981
1.12577997211981
1.12577997211981
1.12577997211981
1.12577997211981
1.12577997211981
1.12577997211981
1.12577997211981
1.12577997211981
1.12577997211981
1.12577997211981
1.12577997211981
1.12577997211981
1.12577997211981
1.12577997211981
1.12577997211981
1.12577997211981
1.12577997211981
1.12577997211981
1.12577997211981
1.12577997211981
1.12577997211981
1.12577997211981
1.12577997211981
1.12577997211981
1.12577997211981
1.12577997211981
1.12577997211981
1.12577997211981
1.12577997211981
1.12577997211981
1.12577997211981
1.12577997211981
1.12577997211981
1.12577997211981
1.12577997211981
1.12577997211981
1.12577997211981
1.12577997211981
1.12577997211981
1.12577997211981
1.12577997211981
1.12577997211981
1.12577997211981
1.12577997211981
1.12577997211981
1.12577997211981
1.12577997211981
1.12577997211981
1.12577997211981
1.12577997211981
1.12577997211981
1.12577997211981
1.12577997211981
1.12577997211981
1.12577997211981
1.12577997211981
1.12577997211981
1.12577997211981
1.12577997211981
1.12577997211981
1.12577997211981
1.12577997211981
1.12577997211981
1.12577997211981
1.12577997211981
1.12577997211981
1.12577997211981
1.12577997211981
1.12577997211981
1.12577997211981
1.12577997211981
1.12577997211981
1.12577997211981
1.12577997211981
1.12577997211981
1.12577997211981
1.12577997211981
1.12577997211981
1.12577997211981
1.12577997211981
1.12577997211981
1.12577997211981
1.12577997211981
1.12577997211981
1.12577997211981
1.12577997211981
1.12577997211981
1.12577997211981
1.12577997211981
1.12577997211981
1.12577997211981
1.12577997211981
1.12577997211981
1.12577997211981
1.12577997211981
1.12577997211981
1.12577997211981
1.12577997211981
1.12577997211981
1.12577997211981
1.12577997211981
1.12577997211981
1.12577997211981
1.12577997211981
1.12577997211981
1.12577997211981
1.12577997211981
1.12577997211981
1.12577997211981
1.12577997211981
1.12577997211981
1.12577997211981
1.12577997211981
1.12577997211981
1.12577997211981
1.12577997211981
1.12577997211981
1.12577997211981
1.12577997211981
1.12577997211981
1.12577997211981
1.12577997211981
1.12577997211981
1.12577997211981
1.12577997211981
1.12577997211981
1.12577997211981
1.12577997211981
1.12577997211981
1.12577997211981
1.12577997211981
1.12577997211981
1.12577997211981
1.12577997211981
1.12577997211981
1.12577997211981
1.12577997211981
1.12577997211981
1.12577997211981
1.12577997211981
1.12577997211981
1.12577997211981
1.12577997211981
1.12577997211981
1.12577997211981
1.12577997211981
1.12577997211981
1.12577997211981
1.12577997211981
1.12577997211981
1.12577997211981
1.12577997211981
1.12577997211981
1.12577997211981
1.12577997211981
1.12577997211981
1.12577997211981
1.12577997211981
1.12577997211981
1.12577997211981
1.12577997211981
1.12577997211981
1.12577997211981
1.12577997211981
1.12577997211981
1.12577997211981
1.12577997211981
1.12577997211981
1.12577997211981
1.12577997211981
1.12577997211981
1.12577997211981
1.12577997211981
1.12577997211981
1.12577997211981
1.12577997211981
1.12577997211981
1.12577997211981
1.12577997211981
1.12577997211981
1.12577997211981
1.12577997211981
1.12577997211981
1.12577997211981
1.12577997211981
1.12577997211981
1.12577997211981
1.12577997211981
1.12577997211981
1.12577997211981
1.12577997211981
1.12577997211981
1.12577997211981
1.12577997211981
1.12577997211981
1.12577997211981
1.12577997211981
1.12577997211981
1.12577997211981
1.12577997211981
1.12577997211981
1.12577997211981
1.12577997211981
1.12577997211981
1.12577997211981
1.12577997211981
1.12577997211981
1.12577997211981
1.12577997211981
1.12577997211981
1.12577997211981
1.12577997211981
1.12577997211981
1.12577997211981
1.12577997211981
1.12577997211981
1.12577997211981
1.12577997211981
1.12577997211981
1.12577997211981
1.12577997211981
1.12577997211981
1.12577997211981
1.12577997211981
1.12577997211981
1.12577997211981
1.12577997211981
1.12577997211981
1.12577997211981
1.12577997211981
1.12577997211981
1.12577997211981
1.12577997211981
1.12577997211981
1.12577997211981
1.12577997211981
1.12577997211981
1.12577997211981
1.12577997211981
1.12577997211981
1.12577997211981
1.12577997211981
1.12577997211981
1.12577997211981
1.12577997211981
1.12577997211981
1.12577997211981
1.12577997211981
1.12577997211981
1.12577997211981
1.12577997211981
1.12577997211981
1.12577997211981
1.12577997211981
1.12577997211981
1.12577997211981
1.12577997211981
1.12577997211981
1.12577997211981
1.12577997211981
1.12577997211981
1.12577997211981
1.12577997211981
1.12577997211981
1.12577997211981
1.12577997211981
1.12577997211981
1.12577997211981
1.12577997211981
1.12577997211981
1.12577997211981
1.12577997211981
1.12577997211981
1.12577997211981
1.12577997211981
1.12577997211981
1.12577997211981
1.12577997211981
1.12577997211981
1.12577997211981
1.12577997211981
1.12577997211981
1.12577997211981
1.12577997211981
1.12577997211981
1.12577997211981
1.12577997211981
1.12577997211981
1.12577997211981
1.12577997211981
1.12577997211981
1.12577997211981
1.12577997211981
1.12577997211981
1.12577997211981
1.12577997211981
1.12577997211981
1.12577997211981
1.12577997211981
1.12577997211981
1.12577997211981
1.12577997211981
1.12577997211981
1.12577997211981
1.12577997211981
1.12577997211981
1.12577997211981
1.12577997211981
1.12577997211981
1.12577997211981
1.12577997211981
1.12577997211981
1.12577997211981
1.12577997211981
1.12577997211981
1.12577997211981
1.12577997211981
1.12577997211981
1.12577997211981
1.12577997211981
1.12577997211981
1.12577997211981
1.12577997211981
1.12577997211981
1.12577997211981
1.12577997211981
1.12577997211981
1.12577997211981
1.12577997211981
1.12577997211981
1.12577997211981
1.12577997211981
1.12577997211981
1.12577997211981
1.12577997211981
1.12577997211981
1.12577997211981
1.12577997211981
1.12577997211981
1.12577997211981
1.12577997211981
1.12577997211981
1.12577997211981
1.12577997211981
1.12577997211981
1.12577997211981
1.12577997211981
1.12577997211981
1.12577997211981
1.12577997211981
1.12577997211981
1.12577997211981
1.12577997211981
1.12577997211981
1.12577997211981
1.12577997211981
1.12577997211981
1.12577997211981
1.12577997211981
1.12577997211981
1.12577997211981
1.12577997211981
1.12577997211981
1.12577997211981
1.12577997211981
1.12577997211981
1.12577997211981
1.12577997211981
1.12577997211981
1.12577997211981
1.12577997211981
1.12577997211981
1.12577997211981
1.12577997211981
1.12577997211981
1.12577997211981
1.12577997211981
1.12577997211981
1.12577997211981
1.12577997211981
1.12577997211981
1.12577997211981
1.12577997211981
1.12577997211981
1.12577997211981
1.12577997211981
1.12577997211981
1.12577997211981
1.12577997211981
1.12577997211981
1.12577997211981
1.12577997211981
1.12577997211981
1.12577997211981
1.12577997211981
1.12577997211981
1.12577997211981
1.12577997211981
1.12577997211981
1.12577997211981
1.12577997211981
1.12577997211981
1.12577997211981
1.12577997211981
1.12577997211981
1.12577997211981
1.12577997211981
1.12577997211981
1.12577997211981
1.12577997211981
1.12577997211981
1.12577997211981
1.12577997211981
1.12577997211981
1.12577997211981
1.12577997211981
1.12577997211981
1.12577997211981
1.12577997211981
1.12577997211981
1.12577997211981
1.12577997211981
1.12577997211981
1.12577997211981
1.12577997211981
1.12577997211981
1.12577997211981
1.12577997211981
1.12577997211981
1.12577997211981
1.12577997211981
1.12577997211981
1.12577997211981
1.12577997211981
1.12577997211981
1.12577997211981
1.12577997211981
1.12577997211981
1.12577997211981
1.12577997211981
1.12577997211981
1.12577997211981
1.12577997211981
1.12577997211981
1.12577997211981
1.12577997211981
1.12577997211981
1.12577997211981
1.12577997211981
1.12577997211981
1.12577997211981
1.12577997211981
1.12577997211981
1.12577997211981
1.12577997211981
1.12577997211981
1.12577997211981
1.12577997211981
1.12577997211981
1.12577997211981
1.12577997211981
1.12577997211981
1.12577997211981
1.12577997211981
1.12577997211981
1.12577997211981
1.12577997211981
1.12577997211981
1.12577997211981
1.12577997211981
1.12577997211981
1.12577997211981
1.12577997211981
1.12577997211981
1.12577997211981
1.12577997211981
1.12577997211981
1.12577997211981
1.12577997211981
1.12577997211981
1.12577997211981
1.12577997211981
1.12577997211981
1.12577997211981
1.12577997211981
1.12577997211981
1.12577997211981
1.12577997211981
1.12577997211981
1.12577997211981
1.12577997211981
1.12577997211981
1.12577997211981
1.12577997211981
1.12577997211981
1.12577997211981
1.12577997211981
1.12577997211981
1.12577997211981
1.12577997211981
1.12577997211981
1.12577997211981
1.12577997211981
1.12577997211981
1.12577997211981
1.12577997211981
1.12577997211981
1.12577997211981
1.12577997211981
1.12577997211981
1.12577997211981
1.12577997211981
1.12577997211981
1.12577997211981
1.12577997211981
1.12577997211981
1.12577997211981
1.12577997211981
1.12577997211981
1.12577997211981
1.12577997211981
1.12577997211981
1.12577997211981
1.12577997211981
1.12577997211981
1.12577997211981
1.12577997211981
1.12577997211981
1.12577997211981
1.12577997211981
1.12577997211981
1.12577997211981
1.12577997211981
1.12577997211981
1.12577997211981
1.12577997211981
1.12577997211981
1.12577997211981
1.12577997211981
1.12577997211981
1.12577997211981
1.12577997211981
1.12577997211981
1.12577997211981
1.12577997211981
1.12577997211981
1.12577997211981
1.12577997211981
1.12577997211981
1.12577997211981
1.12577997211981
1.12577997211981
1.12577997211981
1.12577997211981
1.12577997211981
1.12577997211981
1.12577997211981
1.12577997211981
1.12577997211981
1.12577997211981
1.12577997211981
1.12577997211981
1.12577997211981
1.12577997211981
1.12577997211981
1.12577997211981
1.12577997211981
1.12577997211981
1.12577997211981
1.12577997211981
1.12577997211981
1.12577997211981
1.12577997211981
1.12577997211981
1.12577997211981
1.12577997211981
1.12577997211981
1.12577997211981
1.12577997211981
1.12577997211981
1.12577997211981
1.12577997211981
1.12577997211981
1.12577997211981
1.12577997211981
1.12577997211981
1.12577997211981
1.12577997211981
1.12577997211981
1.12577997211981
1.12577997211981
1.12577997211981
1.12577997211981
1.12577997211981
1.12577997211981
1.12577997211981
1.12577997211981
1.12577997211981
1.12577997211981
1.12577997211981
1.12577997211981
1.12577997211981
1.12577997211981
1.12577997211981
1.12577997211981
1.12577997211981
1.12577997211981
1.12577997211981
1.12577997211981
