Godot Engine v4.4.stable.official.4c311cbee - https://godotengine.org
OpenGL API 3.3.0 Core Profile Context 24.10.34.240723 - Compatibility - Using Device: ATI Technologies Inc. - AMD Radeon(TM) Graphics

0.0
1.0
1.00000154528549
1.00002256832836
1.00010213332182
1.00033041728619
1.00080744603901
1.00172725794125
1.00324443252931
1.00548364275226
1.00852929886101
1.01242342742725
1.01716865523772
1.02273399892756
1.02906185171927
1.03607512930094
1.04368391887687
1.05179129552217
1.06029812194026
1.06910684851906
1.07812436588505
1.08726403961505
1.09644698790664
1.10560283293722
1.11533945263705
1.12622783971962
1.13879728591129
1.1535337749375
1.17012031178103
1.18900944032063
1.20978884568415
1.23203741809003
1.25533300318546
1.279263454925
1.30343801099234
1.32749733658614
1.35112102685492
1.37403273174091
1.39600253043735
1.41684712514685
1.43642817150436
1.45464927892045
1.47145197251911
1.4868112072957
1.50073045226673
1.51323703477826
1.52437750007826
1.53421324419287
1.5428167198275
1.55026805646226
1.55665200512593
1.56205557468083
1.56656595158033
1.57026875958534
1.57324690953808
1.57557952819859
1.57734135126951
1.57860219735916
1.57942673217235
1.57987437585226
1.57999839910488
1.57966582007398
1.57883584151814
1.57761259995304
1.57608399033048
1.57432386637785
1.57239408479478
1.57034611992843
1.56822262815223
1.56605867935364
1.56388291075014
1.56171850592412
1.55958404466798
1.55749418992776
1.55546026484644
1.5534908988596
1.55159245638629
1.54976927603282
1.54802418315274
1.54635874263857
1.54477340093244
1.54326770483108
1.54184061986286
1.54049051239976
1.5392153544185
1.53801278291757
1.53688020561168
1.5358148253562
1.53481378589441
1.53387417338645
1.53299307510939
1.53216756058631
1.53139465334775
1.5306715791769
1.52999558862479
1.52936398331405
1.52877421132175
1.52822381663821
